18:59:44 **** Incremental Build of configuration Debug for project VGA_demo ****
make pre-build main-build 
a9-linaro-pre-build-step
' '
'Building target: VGA_demo.elf'
'Invoking: ARM v7 gcc linker'
arm-none-eabi-gcc -mcpu=cortex-a9 -mfpu=vfpv3 -mfloat-abi=hard -Wl,-build-id=none -specs=Xilinx.spec -Wl,-T -Wl,../src/lscript.ld -L../../VGA_demo_bsp/ps7_cortexa9_0/lib -o "VGA_demo.elf"  ./src/helloworld.o ./src/platform.o   -Wl,--start-group,-lxil,-lgcc,-lc,--end-group
./src/helloworld.o: In function `main':
C:\Zynq_Book\VGA_mem_mapped\VGA_mem_mapped.sdk\VGA_demo\Debug/../src/helloworld.c:73: undefined reference to `vga_setup'
C:\Zynq_Book\VGA_mem_mapped\VGA_mem_mapped.sdk\VGA_demo\Debug/../src/helloworld.c:78: undefined reference to `vga_frame_draw_circle_filled'
collect2.exe: error: ld returned 1 exit status
make: *** [VGA_demo.elf] Error 1
19:02:18 **** Auto Build of configuration Debug for project VGA_demo ****
make pre-build main-build 
a9-linaro-pre-build-step
' '
'Building file: ../src/helloworld.c'
'Invoking: ARM v7 gcc compiler'
arm-none-eabi-gcc -Wall -O0 -g3 -c -fmessage-length=0 -MT"src/helloworld.o" -mcpu=cortex-a9 -mfpu=vfpv3 -mfloat-abi=hard -I../../VGA_demo_bsp/ps7_cortexa9_0/include -MMD -MP -MF"src/helloworld.d" -MT"src/helloworld.o" -o "src/helloworld.o" "../src/helloworld.c"
'Finished building: ../src/helloworld.c'
' '
'Building target: VGA_demo.elf'
'Invoking: ARM v7 gcc linker'
arm-none-eabi-gcc -mcpu=cortex-a9 -mfpu=vfpv3 -mfloat-abi=hard -Wl,-build-id=none -specs=Xilinx.spec -Wl,-T -Wl,../src/lscript.ld -L../../VGA_demo_bsp/ps7_cortexa9_0/lib -o "VGA_demo.elf"  ./src/helloworld.o ./src/platform.o   -Wl,--start-group,-lxil,-lgcc,-lc,--end-group
./src/helloworld.o: In function `main':
C:\Zynq_Book\VGA_mem_mapped\VGA_mem_mapped.sdk\VGA_demo\Debug/../src/helloworld.c:75: undefined reference to `vga_setup'
C:\Zynq_Book\VGA_mem_mapped\VGA_mem_mapped.sdk\VGA_demo\Debug/../src/helloworld.c:80: undefined reference to `vga_frame_draw_circle_filled'
collect2.exe: error: ld returned 1 exit status
make: *** [VGA_demo.elf] Error 1
19:03:30 **** Auto Build of configuration Debug for project VGA_demo ****
make pre-build main-build 
a9-linaro-pre-build-step
' '
'Building file: ../src/helloworld.c'
'Invoking: ARM v7 gcc compiler'
arm-none-eabi-gcc -Wall -O0 -g3 -c -fmessage-length=0 -MT"src/helloworld.o" -mcpu=cortex-a9 -mfpu=vfpv3 -mfloat-abi=hard -I../../VGA_demo_bsp/ps7_cortexa9_0/include -MMD -MP -MF"src/helloworld.d" -MT"src/helloworld.o" -o "src/helloworld.o" "../src/helloworld.c"
../src/helloworld.c: In function 'vga_setup':
../src/helloworld.c:48:1: error: expected '=', ',', ';', 'asm' or '__attribute__' before '{' token
 {
 ^
../src/helloworld.c:39:6: error: old-style parameter declarations in prototyped function definition
 void vga_setup(vga* vga_obj,uint32_t* config_address,vga_frame* vga_frame_obj)
      ^~~~~~~~~
../src/helloworld.c:96:1: error: expected '{' at end of input
 }
 ^
make: *** [src/helloworld.o] Error 1
19:04:04 **** Auto Build of configuration Debug for project VGA_demo ****
make pre-build main-build 
a9-linaro-pre-build-step
' '
'Building file: ../src/helloworld.c'
'Invoking: ARM v7 gcc compiler'
arm-none-eabi-gcc -Wall -O0 -g3 -c -fmessage-length=0 -MT"src/helloworld.o" -mcpu=cortex-a9 -mfpu=vfpv3 -mfloat-abi=hard -I../../VGA_demo_bsp/ps7_cortexa9_0/include -MMD -MP -MF"src/helloworld.d" -MT"src/helloworld.o" -o "src/helloworld.o" "../src/helloworld.c"
../src/helloworld.c: In function 'main':
../src/helloworld.c:66:34: error: 'XPAR_VGA_0_S_AXI_CONFIG_BASEADDR' undeclared (first use in this function)
 #define VGA_CONFIG_BASE_ADDRESS  XPAR_VGA_0_S_AXI_CONFIG_BASEADDR
                                  ^
../src/helloworld.c:104:31: note: in expansion of macro 'VGA_CONFIG_BASE_ADDRESS'
 vga_setup(&vga_obj,(uint32_t*)VGA_CONFIG_BASE_ADDRESS,(vga_frame*)VGA_FRAME_ADDRESS);
                               ^~~~~~~~~~~~~~~~~~~~~~~
../src/helloworld.c:66:34: note: each undeclared identifier is reported only once for each function it appears in
 #define VGA_CONFIG_BASE_ADDRESS  XPAR_VGA_0_S_AXI_CONFIG_BASEADDR
                                  ^
../src/helloworld.c:104:31: note: in expansion of macro 'VGA_CONFIG_BASE_ADDRESS'
 vga_setup(&vga_obj,(uint32_t*)VGA_CONFIG_BASE_ADDRESS,(vga_frame*)VGA_FRAME_ADDRESS);
                               ^~~~~~~~~~~~~~~~~~~~~~~
make: *** [src/helloworld.o] Error 1
19:04:30 **** Auto Build of configuration Debug for project VGA_demo ****
make pre-build main-build 
a9-linaro-pre-build-step
' '
'Building file: ../src/helloworld.c'
'Invoking: ARM v7 gcc compiler'
arm-none-eabi-gcc -Wall -O0 -g3 -c -fmessage-length=0 -MT"src/helloworld.o" -mcpu=cortex-a9 -mfpu=vfpv3 -mfloat-abi=hard -I../../VGA_demo_bsp/ps7_cortexa9_0/include -MMD -MP -MF"src/helloworld.d" -MT"src/helloworld.o" -o "src/helloworld.o" "../src/helloworld.c"
../src/helloworld.c: In function 'main':
../src/helloworld.c:66:34: error: 'XPAR_VGA_0_S_AXI_CONFIG_BASEADDR' undeclared (first use in this function)
 #define VGA_CONFIG_BASE_ADDRESS  XPAR_VGA_0_S_AXI_CONFIG_BASEADDR
                                  ^
../src/helloworld.c:104:31: note: in expansion of macro 'VGA_CONFIG_BASE_ADDRESS'
 vga_setup(&vga_obj,(uint32_t*)VGA_CONFIG_BASE_ADDRESS,(vga_frame*)VGA_FRAME_ADDRESS);
                               ^~~~~~~~~~~~~~~~~~~~~~~
../src/helloworld.c:66:34: note: each undeclared identifier is reported only once for each function it appears in
 #define VGA_CONFIG_BASE_ADDRESS  XPAR_VGA_0_S_AXI_CONFIG_BASEADDR
                                  ^
../src/helloworld.c:104:31: note: in expansion of macro 'VGA_CONFIG_BASE_ADDRESS'
 vga_setup(&vga_obj,(uint32_t*)VGA_CONFIG_BASE_ADDRESS,(vga_frame*)VGA_FRAME_ADDRESS);
                               ^~~~~~~~~~~~~~~~~~~~~~~
make: *** [src/helloworld.o] Error 1
19:05:06 **** Auto Build of configuration Debug for project VGA_demo ****
make pre-build main-build 
a9-linaro-pre-build-step
' '
'Building file: ../src/helloworld.c'
'Invoking: ARM v7 gcc compiler'
arm-none-eabi-gcc -Wall -O0 -g3 -c -fmessage-length=0 -MT"src/helloworld.o" -mcpu=cortex-a9 -mfpu=vfpv3 -mfloat-abi=hard -I../../VGA_demo_bsp/ps7_cortexa9_0/include -MMD -MP -MF"src/helloworld.d" -MT"src/helloworld.o" -o "src/helloworld.o" "../src/helloworld.c"
'Finished building: ../src/helloworld.c'
' '
'Building target: VGA_demo.elf'
'Invoking: ARM v7 gcc linker'
arm-none-eabi-gcc -mcpu=cortex-a9 -mfpu=vfpv3 -mfloat-abi=hard -Wl,-build-id=none -specs=Xilinx.spec -Wl,-T -Wl,../src/lscript.ld -L../../VGA_demo_bsp/ps7_cortexa9_0/lib -o "VGA_demo.elf"  ./src/helloworld.o ./src/platform.o   -Wl,--start-group,-lxil,-lgcc,-lc,--end-group
./src/helloworld.o: In function `main':
C:\Zynq_Book\VGA_mem_mapped\VGA_mem_mapped.sdk\VGA_demo\Debug/../src/helloworld.c:105: undefined reference to `vga_setup'
C:\Zynq_Book\VGA_mem_mapped\VGA_mem_mapped.sdk\VGA_demo\Debug/../src/helloworld.c:110: undefined reference to `vga_frame_draw_circle_filled'
collect2.exe: error: ld returned 1 exit status
make: *** [VGA_demo.elf] Error 1
19:06:57 **** Auto Build of configuration Debug for project VGA_demo ****
make pre-build main-build 
a9-linaro-pre-build-step
' '
'Building file: ../src/helloworld.c'
'Invoking: ARM v7 gcc compiler'
arm-none-eabi-gcc -Wall -O0 -g3 -c -fmessage-length=0 -MT"src/helloworld.o" -mcpu=cortex-a9 -mfpu=vfpv3 -mfloat-abi=hard -I../../VGA_demo_bsp/ps7_cortexa9_0/include -MMD -MP -MF"src/helloworld.d" -MT"src/helloworld.o" -o "src/helloworld.o" "../src/helloworld.c"
'Finished building: ../src/helloworld.c'
' '
'Building target: VGA_demo.elf'
'Invoking: ARM v7 gcc linker'
arm-none-eabi-gcc -mcpu=cortex-a9 -mfpu=vfpv3 -mfloat-abi=hard -Wl,-build-id=none -specs=Xilinx.spec -Wl,-T -Wl,../src/lscript.ld -L../../VGA_demo_bsp/ps7_cortexa9_0/lib -o "VGA_demo.elf"  ./src/helloworld.o ./src/platform.o   -Wl,--start-group,-lxil,-lgcc,-lc,--end-group
'Finished building target: VGA_demo.elf'
' '
'Invoking: ARM v7 Print Size'
arm-none-eabi-size VGA_demo.elf  |tee "VGA_demo.elf.size"
   text	   data	    bss	    dec	    hex	filename
  23756	   1172	 637016	 661944	  a19b8	VGA_demo.elf
'Finished building: VGA_demo.elf.size'
' '
19:07:14 **** Incremental Build of configuration Debug for project VGA_demo ****
make pre-build main-build 
a9-linaro-pre-build-step
' '
make: Nothing to be done for `main-build'.
19:08:50 **** Auto Build of configuration Debug for project VGA_demo ****
make pre-build main-build 
a9-linaro-pre-build-step
' '
'Building file: ../src/helloworld.c'
'Invoking: ARM v7 gcc compiler'
arm-none-eabi-gcc -Wall -O0 -g3 -c -fmessage-length=0 -MT"src/helloworld.o" -mcpu=cortex-a9 -mfpu=vfpv3 -mfloat-abi=hard -I../../VGA_demo_bsp/ps7_cortexa9_0/include -MMD -MP -MF"src/helloworld.d" -MT"src/helloworld.o" -o "src/helloworld.o" "../src/helloworld.c"
'Finished building: ../src/helloworld.c'
' '
'Building target: VGA_demo.elf'
'Invoking: ARM v7 gcc linker'
arm-none-eabi-gcc -mcpu=cortex-a9 -mfpu=vfpv3 -mfloat-abi=hard -Wl,-build-id=none -specs=Xilinx.spec -Wl,-T -Wl,../src/lscript.ld -L../../VGA_demo_bsp/ps7_cortexa9_0/lib -o "VGA_demo.elf"  ./src/helloworld.o ./src/platform.o   -Wl,--start-group,-lxil,-lgcc,-lc,--end-group
./src/helloworld.o: In function `main':
C:\Zynq_Book\VGA_mem_mapped\VGA_mem_mapped.sdk\VGA_demo\Debug/../src/helloworld.c:105: undefined reference to `vga_setup'
C:\Zynq_Book\VGA_mem_mapped\VGA_mem_mapped.sdk\VGA_demo\Debug/../src/helloworld.c:110: undefined reference to `vga_frame_draw_circle_filled'
collect2.exe: error: ld returned 1 exit status
make: *** [VGA_demo.elf] Error 1
19:09:47 **** Auto Build of configuration Debug for project VGA_demo ****
make pre-build main-build 
a9-linaro-pre-build-step
' '
'Building file: ../src/helloworld.c'
'Invoking: ARM v7 gcc compiler'
arm-none-eabi-gcc -Wall -O0 -g3 -c -fmessage-length=0 -MT"src/helloworld.o" -mcpu=cortex-a9 -mfpu=vfpv3 -mfloat-abi=hard -I../../VGA_demo_bsp/ps7_cortexa9_0/include -MMD -MP -MF"src/helloworld.d" -MT"src/helloworld.o" -o "src/helloworld.o" "../src/helloworld.c"
'Finished building: ../src/helloworld.c'
' '
'Building target: VGA_demo.elf'
'Invoking: ARM v7 gcc linker'
arm-none-eabi-gcc -mcpu=cortex-a9 -mfpu=vfpv3 -mfloat-abi=hard -Wl,-build-id=none -specs=Xilinx.spec -Wl,-T -Wl,../src/lscript.ld -L../../VGA_demo_bsp/ps7_cortexa9_0/lib -o "VGA_demo.elf"  ./src/helloworld.o ./src/platform.o   -Wl,--start-group,-lxil,-lgcc,-lc,--end-group
./src/helloworld.o: In function `main':
C:\Zynq_Book\VGA_mem_mapped\VGA_mem_mapped.sdk\VGA_demo\Debug/../src/helloworld.c:107: undefined reference to `vga_setup'
C:\Zynq_Book\VGA_mem_mapped\VGA_mem_mapped.sdk\VGA_demo\Debug/../src/helloworld.c:112: undefined reference to `vga_frame_draw_circle_filled'
collect2.exe: error: ld returned 1 exit status
make: *** [VGA_demo.elf] Error 1
19:13:29 **** Auto Build of configuration Debug for project VGA_demo ****
make pre-build main-build 
a9-linaro-pre-build-step
' '
'Building file: ../src/helloworld.c'
'Invoking: ARM v7 gcc compiler'
arm-none-eabi-gcc -Wall -O0 -g3 -c -fmessage-length=0 -MT"src/helloworld.o" -mcpu=cortex-a9 -mfpu=vfpv3 -mfloat-abi=hard -I../../VGA_demo_bsp/ps7_cortexa9_0/include -MMD -MP -MF"src/helloworld.d" -MT"src/helloworld.o" -o "src/helloworld.o" "../src/helloworld.c"
'Finished building: ../src/helloworld.c'
' '
'Building target: VGA_demo.elf'
'Invoking: ARM v7 gcc linker'
arm-none-eabi-gcc -mcpu=cortex-a9 -mfpu=vfpv3 -mfloat-abi=hard -Wl,-build-id=none -specs=Xilinx.spec -Wl,-T -Wl,../src/lscript.ld -L../../VGA_demo_bsp/ps7_cortexa9_0/lib -o "VGA_demo.elf"  ./src/helloworld.o ./src/platform.o   -Wl,--start-group,-lxil,-lgcc,-lc,--end-group
./src/helloworld.o: In function `main':
C:\Zynq_Book\VGA_mem_mapped\VGA_mem_mapped.sdk\VGA_demo\Debug/../src/helloworld.c:105: undefined reference to `vga_setup'
C:\Zynq_Book\VGA_mem_mapped\VGA_mem_mapped.sdk\VGA_demo\Debug/../src/helloworld.c:110: undefined reference to `vga_frame_draw_circle_filled'
collect2.exe: error: ld returned 1 exit status
make: *** [VGA_demo.elf] Error 1
19:15:42 **** Auto Build of configuration Debug for project VGA_demo ****
make pre-build main-build 
a9-linaro-pre-build-step
' '
'Building file: ../src/helloworld.c'
'Invoking: ARM v7 gcc compiler'
arm-none-eabi-gcc -Wall -O0 -g3 -c -fmessage-length=0 -MT"src/helloworld.o" -mcpu=cortex-a9 -mfpu=vfpv3 -mfloat-abi=hard -I../../VGA_demo_bsp/ps7_cortexa9_0/include -MMD -MP -MF"src/helloworld.d" -MT"src/helloworld.o" -o "src/helloworld.o" "../src/helloworld.c"
'Finished building: ../src/helloworld.c'
' '
'Building target: VGA_demo.elf'
'Invoking: ARM v7 gcc linker'
arm-none-eabi-gcc -mcpu=cortex-a9 -mfpu=vfpv3 -mfloat-abi=hard -Wl,-build-id=none -specs=Xilinx.spec -Wl,-T -Wl,../src/lscript.ld -L../../VGA_demo_bsp/ps7_cortexa9_0/lib -o "VGA_demo.elf"  ./src/helloworld.o ./src/platform.o   -Wl,--start-group,-lxil,-lgcc,-lc,--end-group
./src/helloworld.o: In function `main':
C:\Zynq_Book\VGA_mem_mapped\VGA_mem_mapped.sdk\VGA_demo\Debug/../src/helloworld.c:105: undefined reference to `vga_setup'
C:\Zynq_Book\VGA_mem_mapped\VGA_mem_mapped.sdk\VGA_demo\Debug/../src/helloworld.c:110: undefined reference to `vga_frame_draw_circle_filled'
collect2.exe: error: ld returned 1 exit status
make: *** [VGA_demo.elf] Error 1
19:16:44 **** Auto Build of configuration Debug for project VGA_demo ****
make pre-build main-build 
a9-linaro-pre-build-step
' '
'Building file: ../src/VGA.c'
'Invoking: ARM v7 gcc compiler'
arm-none-eabi-gcc -Wall -O0 -g3 -c -fmessage-length=0 -MT"src/VGA.o" -mcpu=cortex-a9 -mfpu=vfpv3 -mfloat-abi=hard -I../../VGA_demo_bsp/ps7_cortexa9_0/include -MMD -MP -MF"src/VGA.d" -MT"src/VGA.o" -o "src/VGA.o" "../src/VGA.c"
In file included from ../src/VGA.c:7:0:
../src/VGA.h: In function 'vga_setup':
../src/VGA.h:53:2: warning: implicit declaration of function 'vga_frame_clear' [-Wimplicit-function-declaration]
  vga_frame_clear(vga_frame_obj);
  ^~~~~~~~~~~~~~~
../src/VGA.h:55:2: warning: implicit declaration of function 'vga_set_start' [-Wimplicit-function-declaration]
  vga_set_start(vga_obj,1);
  ^~~~~~~~~~~~~
../src/VGA.c: At top level:
../src/VGA.c:9:6: error: redefinition of 'vga_setup'
 void vga_setup(vga* vga_obj,uint32_t* config_address,vga_frame* vga_frame_obj) {
      ^~~~~~~~~
In file included from ../src/VGA.c:7:0:
../src/VGA.h:50:6: note: previous definition of 'vga_setup' was here
 void vga_setup(vga* vga_obj,uint32_t* config_address,vga_frame* vga_frame_obj) {
      ^~~~~~~~~
make: *** [src/VGA.o] Error 1
19:19:50 **** Auto Build of configuration Debug for project VGA_demo ****
make pre-build main-build 
a9-linaro-pre-build-step
' '
'Building file: ../src/VGA.c'
'Invoking: ARM v7 gcc compiler'
arm-none-eabi-gcc -Wall -O0 -g3 -c -fmessage-length=0 -MT"src/VGA.o" -mcpu=cortex-a9 -mfpu=vfpv3 -mfloat-abi=hard -I../../VGA_demo_bsp/ps7_cortexa9_0/include -MMD -MP -MF"src/VGA.d" -MT"src/VGA.o" -o "src/VGA.o" "../src/VGA.c"
'Finished building: ../src/VGA.c'
' '
'Building file: ../src/helloworld.c'
'Invoking: ARM v7 gcc compiler'
arm-none-eabi-gcc -Wall -O0 -g3 -c -fmessage-length=0 -MT"src/helloworld.o" -mcpu=cortex-a9 -mfpu=vfpv3 -mfloat-abi=hard -I../../VGA_demo_bsp/ps7_cortexa9_0/include -MMD -MP -MF"src/helloworld.d" -MT"src/helloworld.o" -o "src/helloworld.o" "../src/helloworld.c"
'Finished building: ../src/helloworld.c'
' '
'Building target: VGA_demo.elf'
'Invoking: ARM v7 gcc linker'
arm-none-eabi-gcc -mcpu=cortex-a9 -mfpu=vfpv3 -mfloat-abi=hard -Wl,-build-id=none -specs=Xilinx.spec -Wl,-T -Wl,../src/lscript.ld -L../../VGA_demo_bsp/ps7_cortexa9_0/lib -o "VGA_demo.elf"  ./src/VGA.o ./src/helloworld.o ./src/platform.o   -Wl,--start-group,-lxil,-lgcc,-lc,--end-group
'Finished building target: VGA_demo.elf'
' '
'Invoking: ARM v7 Print Size'
arm-none-eabi-size VGA_demo.elf  |tee "VGA_demo.elf.size"
   text	   data	    bss	    dec	    hex	filename
  28748	   1172	 637016	 666936	  a2d38	VGA_demo.elf
'Finished building: VGA_demo.elf.size'
' '
19:20:00 **** Incremental Build of configuration Debug for project VGA_demo ****
make pre-build main-build 
a9-linaro-pre-build-step
' '
make: Nothing to be done for `main-build'.
19:27:41 **** Incremental Build of configuration Debug for project VGA_demo ****
make pre-build main-build 
a9-linaro-pre-build-step
' '
'Building file: ../src/helloworld.c'
'Invoking: ARM v7 gcc compiler'
arm-none-eabi-gcc -Wall -O0 -g3 -c -fmessage-length=0 -MT"src/helloworld.o" -mcpu=cortex-a9 -mfpu=vfpv3 -mfloat-abi=hard -I../../VGA_demo_bsp/ps7_cortexa9_0/include -MMD -MP -MF"src/helloworld.d" -MT"src/helloworld.o" -o "src/helloworld.o" "../src/helloworld.c"
In file included from ../src/helloworld.c:50:0:
../../VGA_demo_bsp/ps7_cortexa9_0/include/xparameters.h:19:28: fatal error: xparameters_ps.h: No such file or directory
 #include "xparameters_ps.h"
                            ^
compilation terminated.
make: *** [src/helloworld.o] Error 1
19:37:15 **** Auto Build of project VGA_demo_bsp ****
make -k all 
"Running Make include in ps7_cortexa9_0/libsrc/coresightps_dcc_v1_4/src"
make -C ps7_cortexa9_0/libsrc/coresightps_dcc_v1_4/src -s include  "SHELL=CMD" "COMPILER=arm-none-eabi-gcc" "ARCHIVER=arm-none-eabi-ar" "COMPILER_FLAGS=  -O2 -c" "EXTRA_COMPILER_FLAGS=-mcpu=cortex-a9 -mfpu=vfpv3 -mfloat-abi=hard -nostartfiles -Wall -Wextra"
"Running Make include in ps7_cortexa9_0/libsrc/cpu_cortexa9_v2_5/src"
make -C ps7_cortexa9_0/libsrc/cpu_cortexa9_v2_5/src -s include  "SHELL=CMD" "COMPILER=arm-none-eabi-gcc" "ARCHIVER=arm-none-eabi-ar" "COMPILER_FLAGS=  -O2 -c" "EXTRA_COMPILER_FLAGS=-mcpu=cortex-a9 -mfpu=vfpv3 -mfloat-abi=hard -nostartfiles -Wall -Wextra"
"Running Make include in ps7_cortexa9_0/libsrc/ddrps_v1_0/src"
make -C ps7_cortexa9_0/libsrc/ddrps_v1_0/src -s include  "SHELL=CMD" "COMPILER=arm-none-eabi-gcc" "ARCHIVER=arm-none-eabi-ar" "COMPILER_FLAGS=  -O2 -c" "EXTRA_COMPILER_FLAGS=-mcpu=cortex-a9 -mfpu=vfpv3 -mfloat-abi=hard -nostartfiles -Wall -Wextra"
"Running Make include in ps7_cortexa9_0/libsrc/devcfg_v3_5/src"
make -C ps7_cortexa9_0/libsrc/devcfg_v3_5/src -s include  "SHELL=CMD" "COMPILER=arm-none-eabi-gcc" "ARCHIVER=arm-none-eabi-ar" "COMPILER_FLAGS=  -O2 -c" "EXTRA_COMPILER_FLAGS=-mcpu=cortex-a9 -mfpu=vfpv3 -mfloat-abi=hard -nostartfiles -Wall -Wextra"
"Running Make include in ps7_cortexa9_0/libsrc/dmaps_v2_3/src"
make -C ps7_cortexa9_0/libsrc/dmaps_v2_3/src -s include  "SHELL=CMD" "COMPILER=arm-none-eabi-gcc" "ARCHIVER=arm-none-eabi-ar" "COMPILER_FLAGS=  -O2 -c" "EXTRA_COMPILER_FLAGS=-mcpu=cortex-a9 -mfpu=vfpv3 -mfloat-abi=hard -nostartfiles -Wall -Wextra"
"Running Make include in ps7_cortexa9_0/libsrc/emacps_v3_6/src"
make -C ps7_cortexa9_0/libsrc/emacps_v3_6/src -s include  "SHELL=CMD" "COMPILER=arm-none-eabi-gcc" "ARCHIVER=arm-none-eabi-ar" "COMPILER_FLAGS=  -O2 -c" "EXTRA_COMPILER_FLAGS=-mcpu=cortex-a9 -mfpu=vfpv3 -mfloat-abi=hard -nostartfiles -Wall -Wextra"
"Running Make include in ps7_cortexa9_0/libsrc/gpio_v4_3/src"
make -C ps7_cortexa9_0/libsrc/gpio_v4_3/src -s include  "SHELL=CMD" "COMPILER=arm-none-eabi-gcc" "ARCHIVER=arm-none-eabi-ar" "COMPILER_FLAGS=  -O2 -c" "EXTRA_COMPILER_FLAGS=-mcpu=cortex-a9 -mfpu=vfpv3 -mfloat-abi=hard -nostartfiles -Wall -Wextra"
"Running Make include in ps7_cortexa9_0/libsrc/gpiops_v3_3/src"
make -C ps7_cortexa9_0/libsrc/gpiops_v3_3/src -s include  "SHELL=CMD" "COMPILER=arm-none-eabi-gcc" "ARCHIVER=arm-none-eabi-ar" "COMPILER_FLAGS=  -O2 -c" "EXTRA_COMPILER_FLAGS=-mcpu=cortex-a9 -mfpu=vfpv3 -mfloat-abi=hard -nostartfiles -Wall -Wextra"
"Running Make include in ps7_cortexa9_0/libsrc/qspips_v3_4/src"
make -C ps7_cortexa9_0/libsrc/qspips_v3_4/src -s include  "SHELL=CMD" "COMPILER=arm-none-eabi-gcc" "ARCHIVER=arm-none-eabi-ar" "COMPILER_FLAGS=  -O2 -c" "EXTRA_COMPILER_FLAGS=-mcpu=cortex-a9 -mfpu=vfpv3 -mfloat-abi=hard -nostartfiles -Wall -Wextra"
"Running Make include in ps7_cortexa9_0/libsrc/scugic_v3_8/src"
make -C ps7_cortexa9_0/libsrc/scugic_v3_8/src -s include  "SHELL=CMD" "COMPILER=arm-none-eabi-gcc" "ARCHIVER=arm-none-eabi-ar" "COMPILER_FLAGS=  -O2 -c" "EXTRA_COMPILER_FLAGS=-mcpu=cortex-a9 -mfpu=vfpv3 -mfloat-abi=hard -nostartfiles -Wall -Wextra"
"Running Make include in ps7_cortexa9_0/libsrc/scutimer_v2_1/src"
make -C ps7_cortexa9_0/libsrc/scutimer_v2_1/src -s include  "SHELL=CMD" "COMPILER=arm-none-eabi-gcc" "ARCHIVER=arm-none-eabi-ar" "COMPILER_FLAGS=  -O2 -c" "EXTRA_COMPILER_FLAGS=-mcpu=cortex-a9 -mfpu=vfpv3 -mfloat-abi=hard -nostartfiles -Wall -Wextra"
"Running Make include in ps7_cortexa9_0/libsrc/scuwdt_v2_1/src"
make -C ps7_cortexa9_0/libsrc/scuwdt_v2_1/src -s include  "SHELL=CMD" "COMPILER=arm-none-eabi-gcc" "ARCHIVER=arm-none-eabi-ar" "COMPILER_FLAGS=  -O2 -c" "EXTRA_COMPILER_FLAGS=-mcpu=cortex-a9 -mfpu=vfpv3 -mfloat-abi=hard -nostartfiles -Wall -Wextra"
"Running Make include in ps7_cortexa9_0/libsrc/sdps_v3_3/src"
make -C ps7_cortexa9_0/libsrc/sdps_v3_3/src -s include  "SHELL=CMD" "COMPILER=arm-none-eabi-gcc" "ARCHIVER=arm-none-eabi-ar" "COMPILER_FLAGS=  -O2 -c" "EXTRA_COMPILER_FLAGS=-mcpu=cortex-a9 -mfpu=vfpv3 -mfloat-abi=hard -nostartfiles -Wall -Wextra"
"Running Make include in ps7_cortexa9_0/libsrc/standalone_v6_5/src"
make -C ps7_cortexa9_0/libsrc/standalone_v6_5/src -s include  "SHELL=CMD" "COMPILER=arm-none-eabi-gcc" "ARCHIVER=arm-none-eabi-ar" "COMPILER_FLAGS=  -O2 -c" "EXTRA_COMPILER_FLAGS=-mcpu=cortex-a9 -mfpu=vfpv3 -mfloat-abi=hard -nostartfiles -Wall -Wextra"
"Running Make include in ps7_cortexa9_0/libsrc/ttcps_v3_5/src"
make -C ps7_cortexa9_0/libsrc/ttcps_v3_5/src -s include  "SHELL=CMD" "COMPILER=arm-none-eabi-gcc" "ARCHIVER=arm-none-eabi-ar" "COMPILER_FLAGS=  -O2 -c" "EXTRA_COMPILER_FLAGS=-mcpu=cortex-a9 -mfpu=vfpv3 -mfloat-abi=hard -nostartfiles -Wall -Wextra"
"Running Make include in ps7_cortexa9_0/libsrc/uartps_v3_5/src"
make -C ps7_cortexa9_0/libsrc/uartps_v3_5/src -s include  "SHELL=CMD" "COMPILER=arm-none-eabi-gcc" "ARCHIVER=arm-none-eabi-ar" "COMPILER_FLAGS=  -O2 -c" "EXTRA_COMPILER_FLAGS=-mcpu=cortex-a9 -mfpu=vfpv3 -mfloat-abi=hard -nostartfiles -Wall -Wextra"
"Running Make include in ps7_cortexa9_0/libsrc/usbps_v2_4/src"
make -C ps7_cortexa9_0/libsrc/usbps_v2_4/src -s include  "SHELL=CMD" "COMPILER=arm-none-eabi-gcc" "ARCHIVER=arm-none-eabi-ar" "COMPILER_FLAGS=  -O2 -c" "EXTRA_COMPILER_FLAGS=-mcpu=cortex-a9 -mfpu=vfpv3 -mfloat-abi=hard -nostartfiles -Wall -Wextra"
"Running Make include in ps7_cortexa9_0/libsrc/xadcps_v2_2/src"
make -C ps7_cortexa9_0/libsrc/xadcps_v2_2/src -s include  "SHELL=CMD" "COMPILER=arm-none-eabi-gcc" "ARCHIVER=arm-none-eabi-ar" "COMPILER_FLAGS=  -O2 -c" "EXTRA_COMPILER_FLAGS=-mcpu=cortex-a9 -mfpu=vfpv3 -mfloat-abi=hard -nostartfiles -Wall -Wextra"
"Running Make libs in ps7_cortexa9_0/libsrc/coresightps_dcc_v1_4/src"
make -C ps7_cortexa9_0/libsrc/coresightps_dcc_v1_4/src -s libs  "SHELL=CMD" "COMPILER=arm-none-eabi-gcc" "ARCHIVER=arm-none-eabi-ar" "COMPILER_FLAGS=  -O2 -c" "EXTRA_COMPILER_FLAGS=-mcpu=cortex-a9 -mfpu=vfpv3 -mfloat-abi=hard -nostartfiles -Wall -Wextra"
"Compiling coresightps_dcc"
arm-none-eabi-ar: creating ../../../lib/libxil.a
"Running Make libs in ps7_cortexa9_0/libsrc/cpu_cortexa9_v2_5/src"
make -C ps7_cortexa9_0/libsrc/cpu_cortexa9_v2_5/src -s libs  "SHELL=CMD" "COMPILER=arm-none-eabi-gcc" "ARCHIVER=arm-none-eabi-ar" "COMPILER_FLAGS=  -O2 -c" "EXTRA_COMPILER_FLAGS=-mcpu=cortex-a9 -mfpu=vfpv3 -mfloat-abi=hard -nostartfiles -Wall -Wextra"
"Compiling cpu_cortexa9"
"Running Make libs in ps7_cortexa9_0/libsrc/ddrps_v1_0/src"
make -C ps7_cortexa9_0/libsrc/ddrps_v1_0/src -s libs  "SHELL=CMD" "COMPILER=arm-none-eabi-gcc" "ARCHIVER=arm-none-eabi-ar" "COMPILER_FLAGS=  -O2 -c" "EXTRA_COMPILER_FLAGS=-mcpu=cortex-a9 -mfpu=vfpv3 -mfloat-abi=hard -nostartfiles -Wall -Wextra"
"Compiling ddrps"
"Running Make libs in ps7_cortexa9_0/libsrc/devcfg_v3_5/src"
make -C ps7_cortexa9_0/libsrc/devcfg_v3_5/src -s libs  "SHELL=CMD" "COMPILER=arm-none-eabi-gcc" "ARCHIVER=arm-none-eabi-ar" "COMPILER_FLAGS=  -O2 -c" "EXTRA_COMPILER_FLAGS=-mcpu=cortex-a9 -mfpu=vfpv3 -mfloat-abi=hard -nostartfiles -Wall -Wextra"
"Compiling devcfg"
"Running Make libs in ps7_cortexa9_0/libsrc/dmaps_v2_3/src"
make -C ps7_cortexa9_0/libsrc/dmaps_v2_3/src -s libs  "SHELL=CMD" "COMPILER=arm-none-eabi-gcc" "ARCHIVER=arm-none-eabi-ar" "COMPILER_FLAGS=  -O2 -c" "EXTRA_COMPILER_FLAGS=-mcpu=cortex-a9 -mfpu=vfpv3 -mfloat-abi=hard -nostartfiles -Wall -Wextra"
"Compiling dmaps"
"Running Make libs in ps7_cortexa9_0/libsrc/emacps_v3_6/src"
make -C ps7_cortexa9_0/libsrc/emacps_v3_6/src -s libs  "SHELL=CMD" "COMPILER=arm-none-eabi-gcc" "ARCHIVER=arm-none-eabi-ar" "COMPILER_FLAGS=  -O2 -c" "EXTRA_COMPILER_FLAGS=-mcpu=cortex-a9 -mfpu=vfpv3 -mfloat-abi=hard -nostartfiles -Wall -Wextra"
"Compiling emacps"
"Running Make libs in ps7_cortexa9_0/libsrc/gpio_v4_3/src"
make -C ps7_cortexa9_0/libsrc/gpio_v4_3/src -s libs  "SHELL=CMD" "COMPILER=arm-none-eabi-gcc" "ARCHIVER=arm-none-eabi-ar" "COMPILER_FLAGS=  -O2 -c" "EXTRA_COMPILER_FLAGS=-mcpu=cortex-a9 -mfpu=vfpv3 -mfloat-abi=hard -nostartfiles -Wall -Wextra"
"Compiling gpio"
"Running Make libs in ps7_cortexa9_0/libsrc/gpiops_v3_3/src"
make -C ps7_cortexa9_0/libsrc/gpiops_v3_3/src -s libs  "SHELL=CMD" "COMPILER=arm-none-eabi-gcc" "ARCHIVER=arm-none-eabi-ar" "COMPILER_FLAGS=  -O2 -c" "EXTRA_COMPILER_FLAGS=-mcpu=cortex-a9 -mfpu=vfpv3 -mfloat-abi=hard -nostartfiles -Wall -Wextra"
"Compiling gpiops"
"Running Make libs in ps7_cortexa9_0/libsrc/qspips_v3_4/src"
make -C ps7_cortexa9_0/libsrc/qspips_v3_4/src -s libs  "SHELL=CMD" "COMPILER=arm-none-eabi-gcc" "ARCHIVER=arm-none-eabi-ar" "COMPILER_FLAGS=  -O2 -c" "EXTRA_COMPILER_FLAGS=-mcpu=cortex-a9 -mfpu=vfpv3 -mfloat-abi=hard -nostartfiles -Wall -Wextra"
"Compiling qspips"
"Running Make libs in ps7_cortexa9_0/libsrc/scugic_v3_8/src"
make -C ps7_cortexa9_0/libsrc/scugic_v3_8/src -s libs  "SHELL=CMD" "COMPILER=arm-none-eabi-gcc" "ARCHIVER=arm-none-eabi-ar" "COMPILER_FLAGS=  -O2 -c" "EXTRA_COMPILER_FLAGS=-mcpu=cortex-a9 -mfpu=vfpv3 -mfloat-abi=hard -nostartfiles -Wall -Wextra"
"Compiling scugic"
"Running Make libs in ps7_cortexa9_0/libsrc/scutimer_v2_1/src"
make -C ps7_cortexa9_0/libsrc/scutimer_v2_1/src -s libs  "SHELL=CMD" "COMPILER=arm-none-eabi-gcc" "ARCHIVER=arm-none-eabi-ar" "COMPILER_FLAGS=  -O2 -c" "EXTRA_COMPILER_FLAGS=-mcpu=cortex-a9 -mfpu=vfpv3 -mfloat-abi=hard -nostartfiles -Wall -Wextra"
"Compiling scutimer"
"Running Make libs in ps7_cortexa9_0/libsrc/scuwdt_v2_1/src"
make -C ps7_cortexa9_0/libsrc/scuwdt_v2_1/src -s libs  "SHELL=CMD" "COMPILER=arm-none-eabi-gcc" "ARCHIVER=arm-none-eabi-ar" "COMPILER_FLAGS=  -O2 -c" "EXTRA_COMPILER_FLAGS=-mcpu=cortex-a9 -mfpu=vfpv3 -mfloat-abi=hard -nostartfiles -Wall -Wextra"
"Compiling scuwdt"
"Running Make libs in ps7_cortexa9_0/libsrc/sdps_v3_3/src"
make -C ps7_cortexa9_0/libsrc/sdps_v3_3/src -s libs  "SHELL=CMD" "COMPILER=arm-none-eabi-gcc" "ARCHIVER=arm-none-eabi-ar" "COMPILER_FLAGS=  -O2 -c" "EXTRA_COMPILER_FLAGS=-mcpu=cortex-a9 -mfpu=vfpv3 -mfloat-abi=hard -nostartfiles -Wall -Wextra"
"Compiling sdps"
"Running Make libs in ps7_cortexa9_0/libsrc/standalone_v6_5/src"
make -C ps7_cortexa9_0/libsrc/standalone_v6_5/src -s libs  "SHELL=CMD" "COMPILER=arm-none-eabi-gcc" "ARCHIVER=arm-none-eabi-ar" "COMPILER_FLAGS=  -O2 -c" "EXTRA_COMPILER_FLAGS=-mcpu=cortex-a9 -mfpu=vfpv3 -mfloat-abi=hard -nostartfiles -Wall -Wextra"
"Compiling standalone"
"Running Make libs in ps7_cortexa9_0/libsrc/ttcps_v3_5/src"
make -C ps7_cortexa9_0/libsrc/ttcps_v3_5/src -s libs  "SHELL=CMD" "COMPILER=arm-none-eabi-gcc" "ARCHIVER=arm-none-eabi-ar" "COMPILER_FLAGS=  -O2 -c" "EXTRA_COMPILER_FLAGS=-mcpu=cortex-a9 -mfpu=vfpv3 -mfloat-abi=hard -nostartfiles -Wall -Wextra"
"Compiling ttcps"
"Running Make libs in ps7_cortexa9_0/libsrc/uartps_v3_5/src"
make -C ps7_cortexa9_0/libsrc/uartps_v3_5/src -s libs  "SHELL=CMD" "COMPILER=arm-none-eabi-gcc" "ARCHIVER=arm-none-eabi-ar" "COMPILER_FLAGS=  -O2 -c" "EXTRA_COMPILER_FLAGS=-mcpu=cortex-a9 -mfpu=vfpv3 -mfloat-abi=hard -nostartfiles -Wall -Wextra"
"Compiling uartps"
"Running Make libs in ps7_cortexa9_0/libsrc/usbps_v2_4/src"
make -C ps7_cortexa9_0/libsrc/usbps_v2_4/src -s libs  "SHELL=CMD" "COMPILER=arm-none-eabi-gcc" "ARCHIVER=arm-none-eabi-ar" "COMPILER_FLAGS=  -O2 -c" "EXTRA_COMPILER_FLAGS=-mcpu=cortex-a9 -mfpu=vfpv3 -mfloat-abi=hard -nostartfiles -Wall -Wextra"
"Compiling usbps"
"Running Make libs in ps7_cortexa9_0/libsrc/xadcps_v2_2/src"
make -C ps7_cortexa9_0/libsrc/xadcps_v2_2/src -s libs  "SHELL=CMD" "COMPILER=arm-none-eabi-gcc" "ARCHIVER=arm-none-eabi-ar" "COMPILER_FLAGS=  -O2 -c" "EXTRA_COMPILER_FLAGS=-mcpu=cortex-a9 -mfpu=vfpv3 -mfloat-abi=hard -nostartfiles -Wall -Wextra"
"Compiling xadcps"
'Finished building libraries'
19:37:32 **** Auto Build of configuration Debug for project VGA_demo ****
make pre-build main-build 
a9-linaro-pre-build-step
' '
'Building file: ../src/helloworld.c'
'Invoking: ARM v7 gcc compiler'
arm-none-eabi-gcc -Wall -O0 -g3 -c -fmessage-length=0 -MT"src/helloworld.o" -mcpu=cortex-a9 -mfpu=vfpv3 -mfloat-abi=hard -I../../VGA_demo_bsp/ps7_cortexa9_0/include -MMD -MP -MF"src/helloworld.d" -MT"src/helloworld.o" -o "src/helloworld.o" "../src/helloworld.c"
'Finished building: ../src/helloworld.c'
' '
'Building file: ../src/platform.c'
'Invoking: ARM v7 gcc compiler'
arm-none-eabi-gcc -Wall -O0 -g3 -c -fmessage-length=0 -MT"src/platform.o" -mcpu=cortex-a9 -mfpu=vfpv3 -mfloat-abi=hard -I../../VGA_demo_bsp/ps7_cortexa9_0/include -MMD -MP -MF"src/platform.d" -MT"src/platform.o" -o "src/platform.o" "../src/platform.c"
'Finished building: ../src/platform.c'
' '
'Building target: VGA_demo.elf'
'Invoking: ARM v7 gcc linker'
arm-none-eabi-gcc -mcpu=cortex-a9 -mfpu=vfpv3 -mfloat-abi=hard -Wl,-build-id=none -specs=Xilinx.spec -Wl,-T -Wl,../src/lscript.ld -L../../VGA_demo_bsp/ps7_cortexa9_0/lib -o "VGA_demo.elf"  ./src/VGA.o ./src/helloworld.o ./src/platform.o   -Wl,--start-group,-lxil,-lgcc,-lc,--end-group
'Finished building target: VGA_demo.elf'
' '
'Invoking: ARM v7 Print Size'
arm-none-eabi-size VGA_demo.elf  |tee "VGA_demo.elf.size"
   text	   data	    bss	    dec	    hex	filename
  28748	   1172	 637016	 666936	  a2d38	VGA_demo.elf
'Finished building: VGA_demo.elf.size'
' '
19:38:17 **** Incremental Build of configuration Debug for project VGA_demo ****
make pre-build main-build 
a9-linaro-pre-build-step
' '
'Building file: ../src/helloworld.c'
'Invoking: ARM v7 gcc compiler'
arm-none-eabi-gcc -Wall -O0 -g3 -c -fmessage-length=0 -MT"src/helloworld.o" -mcpu=cortex-a9 -mfpu=vfpv3 -mfloat-abi=hard -I../../VGA_demo_bsp/ps7_cortexa9_0/include -MMD -MP -MF"src/helloworld.d" -MT"src/helloworld.o" -o "src/helloworld.o" "../src/helloworld.c"
In file included from ../src/helloworld.c:50:0:
../../VGA_demo_bsp/ps7_cortexa9_0/include/xparameters.h:19:28: fatal error: xparameters_ps.h: No such file or directory
 #include "xparameters_ps.h"
                            ^
compilation terminated.
make: *** [src/helloworld.o] Error 1
09:27:03 **** Incremental Build of configuration Debug for project VGA_demo ****
make pre-build main-build 
a9-linaro-pre-build-step
' '
'Building file: ../src/helloworld.c'
'Invoking: ARM v7 gcc compiler'
arm-none-eabi-gcc -Wall -O0 -g3 -c -fmessage-length=0 -MT"src/helloworld.o" -mcpu=cortex-a9 -mfpu=vfpv3 -mfloat-abi=hard -I../../VGA_demo_bsp/ps7_cortexa9_0/include -MMD -MP -MF"src/helloworld.d" -MT"src/helloworld.o" -o "src/helloworld.o" "../src/helloworld.c"
In file included from ../src/helloworld.c:50:0:
../../VGA_demo_bsp/ps7_cortexa9_0/include/xparameters.h:19:28: fatal error: xparameters_ps.h: No such file or directory
 #include "xparameters_ps.h"
                            ^
compilation terminated.
make: *** [src/helloworld.o] Error 1
09:27:45 **** Incremental Build of configuration Debug for project VGA_demo ****
make pre-build main-build 
a9-linaro-pre-build-step
' '
'Building file: ../src/helloworld.c'
'Invoking: ARM v7 gcc compiler'
arm-none-eabi-gcc -Wall -O0 -g3 -c -fmessage-length=0 -MT"src/helloworld.o" -mcpu=cortex-a9 -mfpu=vfpv3 -mfloat-abi=hard -I../../VGA_demo_bsp/ps7_cortexa9_0/include -MMD -MP -MF"src/helloworld.d" -MT"src/helloworld.o" -o "src/helloworld.o" "../src/helloworld.c"
In file included from ../src/helloworld.c:50:0:
../../VGA_demo_bsp/ps7_cortexa9_0/include/xparameters.h:19:28: fatal error: xparameters_ps.h: No such file or directory
 #include "xparameters_ps.h"
                            ^
compilation terminated.
make: *** [src/helloworld.o] Error 1
09:28:26 **** Auto Build of configuration Debug for project VGA_demo ****
make pre-build main-build 
a9-linaro-pre-build-step
' '
'Building file: ../src/helloworld.c'
'Invoking: ARM v7 gcc compiler'
arm-none-eabi-gcc -Wall -O0 -g3 -c -fmessage-length=0 -MT"src/helloworld.o" -mcpu=cortex-a9 -mfpu=vfpv3 -mfloat-abi=hard -I../../VGA_demo_bsp/ps7_cortexa9_0/include -MMD -MP -MF"src/helloworld.d" -MT"src/helloworld.o" -o "src/helloworld.o" "../src/helloworld.c"
In file included from ../src/helloworld.c:50:0:
../../VGA_demo_bsp/ps7_cortexa9_0/include/xparameters.h:19:28: fatal error: xparameters_ps.h: No such file or directory
 #include "xparameters_ps.h"
                            ^
compilation terminated.
make: *** [src/helloworld.o] Error 1
09:28:35 **** Incremental Build of configuration Debug for project VGA_demo ****
make pre-build main-build 
a9-linaro-pre-build-step
' '
'Building file: ../src/helloworld.c'
'Invoking: ARM v7 gcc compiler'
arm-none-eabi-gcc -Wall -O0 -g3 -c -fmessage-length=0 -MT"src/helloworld.o" -mcpu=cortex-a9 -mfpu=vfpv3 -mfloat-abi=hard -I../../VGA_demo_bsp/ps7_cortexa9_0/include -MMD -MP -MF"src/helloworld.d" -MT"src/helloworld.o" -o "src/helloworld.o" "../src/helloworld.c"
In file included from ../src/helloworld.c:50:0:
../../VGA_demo_bsp/ps7_cortexa9_0/include/xparameters.h:19:28: fatal error: xparameters_ps.h: No such file or directory
 #include "xparameters_ps.h"
                            ^
compilation terminated.
make: *** [src/helloworld.o] Error 1
09:29:10 **** Auto Build of configuration Debug for project VGA_demo ****
make pre-build main-build 
a9-linaro-pre-build-step
' '
'Building file: ../src/helloworld.c'
'Invoking: ARM v7 gcc compiler'
arm-none-eabi-gcc -Wall -O0 -g3 -c -fmessage-length=0 -MT"src/helloworld.o" -mcpu=cortex-a9 -mfpu=vfpv3 -mfloat-abi=hard -I../../VGA_demo_bsp/ps7_cortexa9_0/include -MMD -MP -MF"src/helloworld.d" -MT"src/helloworld.o" -o "src/helloworld.o" "../src/helloworld.c"
In file included from ../src/helloworld.c:50:0:
../../VGA_demo_bsp/ps7_cortexa9_0/include/xparameters.h:19:28: fatal error: xparameters_ps.h: No such file or directory
 #include "xparameters_ps.h"
                            ^
compilation terminated.
make: *** [src/helloworld.o] Error 1
09:30:14 **** Auto Build of project VGA_demo_bsp ****
make -k all 
"Running Make include in ps7_cortexa9_0/libsrc/coresightps_dcc_v1_4/src"
make -C ps7_cortexa9_0/libsrc/coresightps_dcc_v1_4/src -s include  "SHELL=CMD" "COMPILER=arm-none-eabi-gcc" "ARCHIVER=arm-none-eabi-ar" "COMPILER_FLAGS=  -O2 -c" "EXTRA_COMPILER_FLAGS=-mcpu=cortex-a9 -mfpu=vfpv3 -mfloat-abi=hard -nostartfiles -Wall -Wextra"
"Running Make include in ps7_cortexa9_0/libsrc/cpu_cortexa9_v2_5/src"
make -C ps7_cortexa9_0/libsrc/cpu_cortexa9_v2_5/src -s include  "SHELL=CMD" "COMPILER=arm-none-eabi-gcc" "ARCHIVER=arm-none-eabi-ar" "COMPILER_FLAGS=  -O2 -c" "EXTRA_COMPILER_FLAGS=-mcpu=cortex-a9 -mfpu=vfpv3 -mfloat-abi=hard -nostartfiles -Wall -Wextra"
"Running Make include in ps7_cortexa9_0/libsrc/ddrps_v1_0/src"
make -C ps7_cortexa9_0/libsrc/ddrps_v1_0/src -s include  "SHELL=CMD" "COMPILER=arm-none-eabi-gcc" "ARCHIVER=arm-none-eabi-ar" "COMPILER_FLAGS=  -O2 -c" "EXTRA_COMPILER_FLAGS=-mcpu=cortex-a9 -mfpu=vfpv3 -mfloat-abi=hard -nostartfiles -Wall -Wextra"
"Running Make include in ps7_cortexa9_0/libsrc/devcfg_v3_5/src"
make -C ps7_cortexa9_0/libsrc/devcfg_v3_5/src -s include  "SHELL=CMD" "COMPILER=arm-none-eabi-gcc" "ARCHIVER=arm-none-eabi-ar" "COMPILER_FLAGS=  -O2 -c" "EXTRA_COMPILER_FLAGS=-mcpu=cortex-a9 -mfpu=vfpv3 -mfloat-abi=hard -nostartfiles -Wall -Wextra"
"Running Make include in ps7_cortexa9_0/libsrc/dmaps_v2_3/src"
make -C ps7_cortexa9_0/libsrc/dmaps_v2_3/src -s include  "SHELL=CMD" "COMPILER=arm-none-eabi-gcc" "ARCHIVER=arm-none-eabi-ar" "COMPILER_FLAGS=  -O2 -c" "EXTRA_COMPILER_FLAGS=-mcpu=cortex-a9 -mfpu=vfpv3 -mfloat-abi=hard -nostartfiles -Wall -Wextra"
"Running Make include in ps7_cortexa9_0/libsrc/emacps_v3_6/src"
make -C ps7_cortexa9_0/libsrc/emacps_v3_6/src -s include  "SHELL=CMD" "COMPILER=arm-none-eabi-gcc" "ARCHIVER=arm-none-eabi-ar" "COMPILER_FLAGS=  -O2 -c" "EXTRA_COMPILER_FLAGS=-mcpu=cortex-a9 -mfpu=vfpv3 -mfloat-abi=hard -nostartfiles -Wall -Wextra"
"Running Make include in ps7_cortexa9_0/libsrc/gpio_v4_3/src"
make -C ps7_cortexa9_0/libsrc/gpio_v4_3/src -s include  "SHELL=CMD" "COMPILER=arm-none-eabi-gcc" "ARCHIVER=arm-none-eabi-ar" "COMPILER_FLAGS=  -O2 -c" "EXTRA_COMPILER_FLAGS=-mcpu=cortex-a9 -mfpu=vfpv3 -mfloat-abi=hard -nostartfiles -Wall -Wextra"
"Running Make include in ps7_cortexa9_0/libsrc/gpiops_v3_3/src"
make -C ps7_cortexa9_0/libsrc/gpiops_v3_3/src -s include  "SHELL=CMD" "COMPILER=arm-none-eabi-gcc" "ARCHIVER=arm-none-eabi-ar" "COMPILER_FLAGS=  -O2 -c" "EXTRA_COMPILER_FLAGS=-mcpu=cortex-a9 -mfpu=vfpv3 -mfloat-abi=hard -nostartfiles -Wall -Wextra"
"Running Make include in ps7_cortexa9_0/libsrc/qspips_v3_4/src"
make -C ps7_cortexa9_0/libsrc/qspips_v3_4/src -s include  "SHELL=CMD" "COMPILER=arm-none-eabi-gcc" "ARCHIVER=arm-none-eabi-ar" "COMPILER_FLAGS=  -O2 -c" "EXTRA_COMPILER_FLAGS=-mcpu=cortex-a9 -mfpu=vfpv3 -mfloat-abi=hard -nostartfiles -Wall -Wextra"
"Running Make include in ps7_cortexa9_0/libsrc/scugic_v3_8/src"
make -C ps7_cortexa9_0/libsrc/scugic_v3_8/src -s include  "SHELL=CMD" "COMPILER=arm-none-eabi-gcc" "ARCHIVER=arm-none-eabi-ar" "COMPILER_FLAGS=  -O2 -c" "EXTRA_COMPILER_FLAGS=-mcpu=cortex-a9 -mfpu=vfpv3 -mfloat-abi=hard -nostartfiles -Wall -Wextra"
"Running Make include in ps7_cortexa9_0/libsrc/scutimer_v2_1/src"
make -C ps7_cortexa9_0/libsrc/scutimer_v2_1/src -s include  "SHELL=CMD" "COMPILER=arm-none-eabi-gcc" "ARCHIVER=arm-none-eabi-ar" "COMPILER_FLAGS=  -O2 -c" "EXTRA_COMPILER_FLAGS=-mcpu=cortex-a9 -mfpu=vfpv3 -mfloat-abi=hard -nostartfiles -Wall -Wextra"
"Running Make include in ps7_cortexa9_0/libsrc/scuwdt_v2_1/src"
make -C ps7_cortexa9_0/libsrc/scuwdt_v2_1/src -s include  "SHELL=CMD" "COMPILER=arm-none-eabi-gcc" "ARCHIVER=arm-none-eabi-ar" "COMPILER_FLAGS=  -O2 -c" "EXTRA_COMPILER_FLAGS=-mcpu=cortex-a9 -mfpu=vfpv3 -mfloat-abi=hard -nostartfiles -Wall -Wextra"
"Running Make include in ps7_cortexa9_0/libsrc/sdps_v3_3/src"
make -C ps7_cortexa9_0/libsrc/sdps_v3_3/src -s include  "SHELL=CMD" "COMPILER=arm-none-eabi-gcc" "ARCHIVER=arm-none-eabi-ar" "COMPILER_FLAGS=  -O2 -c" "EXTRA_COMPILER_FLAGS=-mcpu=cortex-a9 -mfpu=vfpv3 -mfloat-abi=hard -nostartfiles -Wall -Wextra"
"Running Make include in ps7_cortexa9_0/libsrc/standalone_v6_5/src"
make -C ps7_cortexa9_0/libsrc/standalone_v6_5/src -s include  "SHELL=CMD" "COMPILER=arm-none-eabi-gcc" "ARCHIVER=arm-none-eabi-ar" "COMPILER_FLAGS=  -O2 -c" "EXTRA_COMPILER_FLAGS=-mcpu=cortex-a9 -mfpu=vfpv3 -mfloat-abi=hard -nostartfiles -Wall -Wextra"
"Running Make include in ps7_cortexa9_0/libsrc/ttcps_v3_5/src"
make -C ps7_cortexa9_0/libsrc/ttcps_v3_5/src -s include  "SHELL=CMD" "COMPILER=arm-none-eabi-gcc" "ARCHIVER=arm-none-eabi-ar" "COMPILER_FLAGS=  -O2 -c" "EXTRA_COMPILER_FLAGS=-mcpu=cortex-a9 -mfpu=vfpv3 -mfloat-abi=hard -nostartfiles -Wall -Wextra"
"Running Make include in ps7_cortexa9_0/libsrc/uartps_v3_5/src"
make -C ps7_cortexa9_0/libsrc/uartps_v3_5/src -s include  "SHELL=CMD" "COMPILER=arm-none-eabi-gcc" "ARCHIVER=arm-none-eabi-ar" "COMPILER_FLAGS=  -O2 -c" "EXTRA_COMPILER_FLAGS=-mcpu=cortex-a9 -mfpu=vfpv3 -mfloat-abi=hard -nostartfiles -Wall -Wextra"
"Running Make include in ps7_cortexa9_0/libsrc/usbps_v2_4/src"
make -C ps7_cortexa9_0/libsrc/usbps_v2_4/src -s include  "SHELL=CMD" "COMPILER=arm-none-eabi-gcc" "ARCHIVER=arm-none-eabi-ar" "COMPILER_FLAGS=  -O2 -c" "EXTRA_COMPILER_FLAGS=-mcpu=cortex-a9 -mfpu=vfpv3 -mfloat-abi=hard -nostartfiles -Wall -Wextra"
"Running Make include in ps7_cortexa9_0/libsrc/xadcps_v2_2/src"
make -C ps7_cortexa9_0/libsrc/xadcps_v2_2/src -s include  "SHELL=CMD" "COMPILER=arm-none-eabi-gcc" "ARCHIVER=arm-none-eabi-ar" "COMPILER_FLAGS=  -O2 -c" "EXTRA_COMPILER_FLAGS=-mcpu=cortex-a9 -mfpu=vfpv3 -mfloat-abi=hard -nostartfiles -Wall -Wextra"
"Running Make libs in ps7_cortexa9_0/libsrc/coresightps_dcc_v1_4/src"
make -C ps7_cortexa9_0/libsrc/coresightps_dcc_v1_4/src -s libs  "SHELL=CMD" "COMPILER=arm-none-eabi-gcc" "ARCHIVER=arm-none-eabi-ar" "COMPILER_FLAGS=  -O2 -c" "EXTRA_COMPILER_FLAGS=-mcpu=cortex-a9 -mfpu=vfpv3 -mfloat-abi=hard -nostartfiles -Wall -Wextra"
"Compiling coresightps_dcc"
arm-none-eabi-ar: creating ../../../lib/libxil.a
"Running Make libs in ps7_cortexa9_0/libsrc/cpu_cortexa9_v2_5/src"
make -C ps7_cortexa9_0/libsrc/cpu_cortexa9_v2_5/src -s libs  "SHELL=CMD" "COMPILER=arm-none-eabi-gcc" "ARCHIVER=arm-none-eabi-ar" "COMPILER_FLAGS=  -O2 -c" "EXTRA_COMPILER_FLAGS=-mcpu=cortex-a9 -mfpu=vfpv3 -mfloat-abi=hard -nostartfiles -Wall -Wextra"
"Compiling cpu_cortexa9"
"Running Make libs in ps7_cortexa9_0/libsrc/ddrps_v1_0/src"
make -C ps7_cortexa9_0/libsrc/ddrps_v1_0/src -s libs  "SHELL=CMD" "COMPILER=arm-none-eabi-gcc" "ARCHIVER=arm-none-eabi-ar" "COMPILER_FLAGS=  -O2 -c" "EXTRA_COMPILER_FLAGS=-mcpu=cortex-a9 -mfpu=vfpv3 -mfloat-abi=hard -nostartfiles -Wall -Wextra"
"Compiling ddrps"
"Running Make libs in ps7_cortexa9_0/libsrc/devcfg_v3_5/src"
make -C ps7_cortexa9_0/libsrc/devcfg_v3_5/src -s libs  "SHELL=CMD" "COMPILER=arm-none-eabi-gcc" "ARCHIVER=arm-none-eabi-ar" "COMPILER_FLAGS=  -O2 -c" "EXTRA_COMPILER_FLAGS=-mcpu=cortex-a9 -mfpu=vfpv3 -mfloat-abi=hard -nostartfiles -Wall -Wextra"
"Compiling devcfg"
"Running Make libs in ps7_cortexa9_0/libsrc/dmaps_v2_3/src"
make -C ps7_cortexa9_0/libsrc/dmaps_v2_3/src -s libs  "SHELL=CMD" "COMPILER=arm-none-eabi-gcc" "ARCHIVER=arm-none-eabi-ar" "COMPILER_FLAGS=  -O2 -c" "EXTRA_COMPILER_FLAGS=-mcpu=cortex-a9 -mfpu=vfpv3 -mfloat-abi=hard -nostartfiles -Wall -Wextra"
"Compiling dmaps"
"Running Make libs in ps7_cortexa9_0/libsrc/emacps_v3_6/src"
make -C ps7_cortexa9_0/libsrc/emacps_v3_6/src -s libs  "SHELL=CMD" "COMPILER=arm-none-eabi-gcc" "ARCHIVER=arm-none-eabi-ar" "COMPILER_FLAGS=  -O2 -c" "EXTRA_COMPILER_FLAGS=-mcpu=cortex-a9 -mfpu=vfpv3 -mfloat-abi=hard -nostartfiles -Wall -Wextra"
"Compiling emacps"
"Running Make libs in ps7_cortexa9_0/libsrc/gpio_v4_3/src"
make -C ps7_cortexa9_0/libsrc/gpio_v4_3/src -s libs  "SHELL=CMD" "COMPILER=arm-none-eabi-gcc" "ARCHIVER=arm-none-eabi-ar" "COMPILER_FLAGS=  -O2 -c" "EXTRA_COMPILER_FLAGS=-mcpu=cortex-a9 -mfpu=vfpv3 -mfloat-abi=hard -nostartfiles -Wall -Wextra"
"Compiling gpio"
"Running Make libs in ps7_cortexa9_0/libsrc/gpiops_v3_3/src"
make -C ps7_cortexa9_0/libsrc/gpiops_v3_3/src -s libs  "SHELL=CMD" "COMPILER=arm-none-eabi-gcc" "ARCHIVER=arm-none-eabi-ar" "COMPILER_FLAGS=  -O2 -c" "EXTRA_COMPILER_FLAGS=-mcpu=cortex-a9 -mfpu=vfpv3 -mfloat-abi=hard -nostartfiles -Wall -Wextra"
"Compiling gpiops"
"Running Make libs in ps7_cortexa9_0/libsrc/qspips_v3_4/src"
make -C ps7_cortexa9_0/libsrc/qspips_v3_4/src -s libs  "SHELL=CMD" "COMPILER=arm-none-eabi-gcc" "ARCHIVER=arm-none-eabi-ar" "COMPILER_FLAGS=  -O2 -c" "EXTRA_COMPILER_FLAGS=-mcpu=cortex-a9 -mfpu=vfpv3 -mfloat-abi=hard -nostartfiles -Wall -Wextra"
"Compiling qspips"
"Running Make libs in ps7_cortexa9_0/libsrc/scugic_v3_8/src"
make -C ps7_cortexa9_0/libsrc/scugic_v3_8/src -s libs  "SHELL=CMD" "COMPILER=arm-none-eabi-gcc" "ARCHIVER=arm-none-eabi-ar" "COMPILER_FLAGS=  -O2 -c" "EXTRA_COMPILER_FLAGS=-mcpu=cortex-a9 -mfpu=vfpv3 -mfloat-abi=hard -nostartfiles -Wall -Wextra"
"Compiling scugic"
"Running Make libs in ps7_cortexa9_0/libsrc/scutimer_v2_1/src"
make -C ps7_cortexa9_0/libsrc/scutimer_v2_1/src -s libs  "SHELL=CMD" "COMPILER=arm-none-eabi-gcc" "ARCHIVER=arm-none-eabi-ar" "COMPILER_FLAGS=  -O2 -c" "EXTRA_COMPILER_FLAGS=-mcpu=cortex-a9 -mfpu=vfpv3 -mfloat-abi=hard -nostartfiles -Wall -Wextra"
"Compiling scutimer"
"Running Make libs in ps7_cortexa9_0/libsrc/scuwdt_v2_1/src"
make -C ps7_cortexa9_0/libsrc/scuwdt_v2_1/src -s libs  "SHELL=CMD" "COMPILER=arm-none-eabi-gcc" "ARCHIVER=arm-none-eabi-ar" "COMPILER_FLAGS=  -O2 -c" "EXTRA_COMPILER_FLAGS=-mcpu=cortex-a9 -mfpu=vfpv3 -mfloat-abi=hard -nostartfiles -Wall -Wextra"
"Compiling scuwdt"
"Running Make libs in ps7_cortexa9_0/libsrc/sdps_v3_3/src"
make -C ps7_cortexa9_0/libsrc/sdps_v3_3/src -s libs  "SHELL=CMD" "COMPILER=arm-none-eabi-gcc" "ARCHIVER=arm-none-eabi-ar" "COMPILER_FLAGS=  -O2 -c" "EXTRA_COMPILER_FLAGS=-mcpu=cortex-a9 -mfpu=vfpv3 -mfloat-abi=hard -nostartfiles -Wall -Wextra"
"Compiling sdps"
"Running Make libs in ps7_cortexa9_0/libsrc/standalone_v6_5/src"
make -C ps7_cortexa9_0/libsrc/standalone_v6_5/src -s libs  "SHELL=CMD" "COMPILER=arm-none-eabi-gcc" "ARCHIVER=arm-none-eabi-ar" "COMPILER_FLAGS=  -O2 -c" "EXTRA_COMPILER_FLAGS=-mcpu=cortex-a9 -mfpu=vfpv3 -mfloat-abi=hard -nostartfiles -Wall -Wextra"
"Compiling standalone"
"Running Make libs in ps7_cortexa9_0/libsrc/ttcps_v3_5/src"
make -C ps7_cortexa9_0/libsrc/ttcps_v3_5/src -s libs  "SHELL=CMD" "COMPILER=arm-none-eabi-gcc" "ARCHIVER=arm-none-eabi-ar" "COMPILER_FLAGS=  -O2 -c" "EXTRA_COMPILER_FLAGS=-mcpu=cortex-a9 -mfpu=vfpv3 -mfloat-abi=hard -nostartfiles -Wall -Wextra"
"Compiling ttcps"
"Running Make libs in ps7_cortexa9_0/libsrc/uartps_v3_5/src"
make -C ps7_cortexa9_0/libsrc/uartps_v3_5/src -s libs  "SHELL=CMD" "COMPILER=arm-none-eabi-gcc" "ARCHIVER=arm-none-eabi-ar" "COMPILER_FLAGS=  -O2 -c" "EXTRA_COMPILER_FLAGS=-mcpu=cortex-a9 -mfpu=vfpv3 -mfloat-abi=hard -nostartfiles -Wall -Wextra"
"Compiling uartps"
"Running Make libs in ps7_cortexa9_0/libsrc/usbps_v2_4/src"
make -C ps7_cortexa9_0/libsrc/usbps_v2_4/src -s libs  "SHELL=CMD" "COMPILER=arm-none-eabi-gcc" "ARCHIVER=arm-none-eabi-ar" "COMPILER_FLAGS=  -O2 -c" "EXTRA_COMPILER_FLAGS=-mcpu=cortex-a9 -mfpu=vfpv3 -mfloat-abi=hard -nostartfiles -Wall -Wextra"
"Compiling usbps"
"Running Make libs in ps7_cortexa9_0/libsrc/xadcps_v2_2/src"
make -C ps7_cortexa9_0/libsrc/xadcps_v2_2/src -s libs  "SHELL=CMD" "COMPILER=arm-none-eabi-gcc" "ARCHIVER=arm-none-eabi-ar" "COMPILER_FLAGS=  -O2 -c" "EXTRA_COMPILER_FLAGS=-mcpu=cortex-a9 -mfpu=vfpv3 -mfloat-abi=hard -nostartfiles -Wall -Wextra"
"Compiling xadcps"
'Finished building libraries'
09:30:33 **** Auto Build of configuration Debug for project VGA_demo ****
make pre-build main-build 
a9-linaro-pre-build-step
' '
'Building file: ../src/helloworld.c'
'Invoking: ARM v7 gcc compiler'
arm-none-eabi-gcc -Wall -O0 -g3 -c -fmessage-length=0 -MT"src/helloworld.o" -mcpu=cortex-a9 -mfpu=vfpv3 -mfloat-abi=hard -I../../VGA_demo_bsp/ps7_cortexa9_0/include -MMD -MP -MF"src/helloworld.d" -MT"src/helloworld.o" -o "src/helloworld.o" "../src/helloworld.c"
'Finished building: ../src/helloworld.c'
' '
'Building file: ../src/platform.c'
'Invoking: ARM v7 gcc compiler'
arm-none-eabi-gcc -Wall -O0 -g3 -c -fmessage-length=0 -MT"src/platform.o" -mcpu=cortex-a9 -mfpu=vfpv3 -mfloat-abi=hard -I../../VGA_demo_bsp/ps7_cortexa9_0/include -MMD -MP -MF"src/platform.d" -MT"src/platform.o" -o "src/platform.o" "../src/platform.c"
'Finished building: ../src/platform.c'
' '
'Building target: VGA_demo.elf'
'Invoking: ARM v7 gcc linker'
arm-none-eabi-gcc -mcpu=cortex-a9 -mfpu=vfpv3 -mfloat-abi=hard -Wl,-build-id=none -specs=Xilinx.spec -Wl,-T -Wl,../src/lscript.ld -L../../VGA_demo_bsp/ps7_cortexa9_0/lib -o "VGA_demo.elf"  ./src/VGA.o ./src/helloworld.o ./src/platform.o   -Wl,--start-group,-lxil,-lgcc,-lc,--end-group
'Finished building target: VGA_demo.elf'
' '
'Invoking: ARM v7 Print Size'
arm-none-eabi-size VGA_demo.elf  |tee "VGA_demo.elf.size"
   text	   data	    bss	    dec	    hex	filename
  28748	   1172	 637016	 666936	  a2d38	VGA_demo.elf
'Finished building: VGA_demo.elf.size'
' '
09:30:58 **** Auto Build of configuration Debug for project VGA_demo ****
make pre-build main-build 
a9-linaro-pre-build-step
' '
'Building file: ../src/helloworld.c'
'Invoking: ARM v7 gcc compiler'
arm-none-eabi-gcc -Wall -O0 -g3 -c -fmessage-length=0 -MT"src/helloworld.o" -mcpu=cortex-a9 -mfpu=vfpv3 -mfloat-abi=hard -I../../VGA_demo_bsp/ps7_cortexa9_0/include -MMD -MP -MF"src/helloworld.d" -MT"src/helloworld.o" -o "src/helloworld.o" "../src/helloworld.c"
'Finished building: ../src/helloworld.c'
' '
'Building target: VGA_demo.elf'
'Invoking: ARM v7 gcc linker'
arm-none-eabi-gcc -mcpu=cortex-a9 -mfpu=vfpv3 -mfloat-abi=hard -Wl,-build-id=none -specs=Xilinx.spec -Wl,-T -Wl,../src/lscript.ld -L../../VGA_demo_bsp/ps7_cortexa9_0/lib -o "VGA_demo.elf"  ./src/VGA.o ./src/helloworld.o ./src/platform.o   -Wl,--start-group,-lxil,-lgcc,-lc,--end-group
'Finished building target: VGA_demo.elf'
' '
'Invoking: ARM v7 Print Size'
arm-none-eabi-size VGA_demo.elf  |tee "VGA_demo.elf.size"
   text	   data	    bss	    dec	    hex	filename
  28748	   1172	 637016	 666936	  a2d38	VGA_demo.elf
'Finished building: VGA_demo.elf.size'
' '
09:31:06 **** Incremental Build of configuration Debug for project VGA_demo ****
make pre-build main-build 
a9-linaro-pre-build-step
' '
make: Nothing to be done for `main-build'.
09:36:04 **** Auto Build of configuration Debug for project VGA_demo ****
make pre-build main-build 
a9-linaro-pre-build-step
' '
'Building file: ../src/helloworld.c'
'Invoking: ARM v7 gcc compiler'
arm-none-eabi-gcc -Wall -O0 -g3 -c -fmessage-length=0 -MT"src/helloworld.o" -mcpu=cortex-a9 -mfpu=vfpv3 -mfloat-abi=hard -I../../VGA_demo_bsp/ps7_cortexa9_0/include -MMD -MP -MF"src/helloworld.d" -MT"src/helloworld.o" -o "src/helloworld.o" "../src/helloworld.c"
In file included from ../src/helloworld.c:55:0:
../src/helloworld.c: In function 'main':
../src/VGA.h:54:59: error: invalid type argument of '->' (have 'vga_frame {aka struct vga_frame}')
 #define vga_frame_get_pixel(vga_frame_obj) (vga_frame_obj)->pixels
                                                           ^
../src/helloworld.c:112:5: note: in expansion of macro 'vga_frame_get_pixel'
     vga_frame_get_pixel(vga_frame_obj)[100][100] = color;
     ^~~~~~~~~~~~~~~~~~~
../src/helloworld.c:112:52: error: 'color' undeclared (first use in this function)
     vga_frame_get_pixel(vga_frame_obj)[100][100] = color;
                                                    ^~~~~
../src/helloworld.c:112:52: note: each undeclared identifier is reported only once for each function it appears in
In file included from ../src/helloworld.c:55:0:
../src/VGA.h:54:59: error: invalid type argument of '->' (have 'vga_frame {aka struct vga_frame}')
 #define vga_frame_get_pixel(vga_frame_obj) (vga_frame_obj)->pixels
                                                           ^
../src/helloworld.c:113:5: note: in expansion of macro 'vga_frame_get_pixel'
     vga_frame_get_pixel(vga_frame_obj)[100][200] = color;
     ^~~~~~~~~~~~~~~~~~~
../src/VGA.h:54:59: error: invalid type argument of '->' (have 'vga_frame {aka struct vga_frame}')
 #define vga_frame_get_pixel(vga_frame_obj) (vga_frame_obj)->pixels
                                                           ^
../src/helloworld.c:114:5: note: in expansion of macro 'vga_frame_get_pixel'
     vga_frame_get_pixel(vga_frame_obj)[100][300] = color;
     ^~~~~~~~~~~~~~~~~~~
make: *** [src/helloworld.o] Error 1
09:37:46 **** Auto Build of configuration Debug for project VGA_demo ****
make pre-build main-build 
a9-linaro-pre-build-step
' '
'Building file: ../src/helloworld.c'
'Invoking: ARM v7 gcc compiler'
arm-none-eabi-gcc -Wall -O0 -g3 -c -fmessage-length=0 -MT"src/helloworld.o" -mcpu=cortex-a9 -mfpu=vfpv3 -mfloat-abi=hard -I../../VGA_demo_bsp/ps7_cortexa9_0/include -MMD -MP -MF"src/helloworld.d" -MT"src/helloworld.o" -o "src/helloworld.o" "../src/helloworld.c"
In file included from ../src/helloworld.c:55:0:
../src/helloworld.c: In function 'main':
../src/VGA.h:54:59: error: invalid type argument of '->' (have 'vga_frame {aka struct vga_frame}')
 #define vga_frame_get_pixel(vga_frame_obj) (vga_frame_obj)->pixels
                                                           ^
../src/helloworld.c:112:5: note: in expansion of macro 'vga_frame_get_pixel'
     vga_frame_get_pixel(vga_frame_obj)[100][100] = vga_pixel_obj;
     ^~~~~~~~~~~~~~~~~~~
../src/VGA.h:54:59: error: invalid type argument of '->' (have 'vga_frame {aka struct vga_frame}')
 #define vga_frame_get_pixel(vga_frame_obj) (vga_frame_obj)->pixels
                                                           ^
../src/helloworld.c:113:5: note: in expansion of macro 'vga_frame_get_pixel'
     vga_frame_get_pixel(vga_frame_obj)[100][200] = vga_pixel_obj;
     ^~~~~~~~~~~~~~~~~~~
../src/VGA.h:54:59: error: invalid type argument of '->' (have 'vga_frame {aka struct vga_frame}')
 #define vga_frame_get_pixel(vga_frame_obj) (vga_frame_obj)->pixels
                                                           ^
../src/helloworld.c:114:5: note: in expansion of macro 'vga_frame_get_pixel'
     vga_frame_get_pixel(vga_frame_obj)[100][300] = vga_pixel_obj;
     ^~~~~~~~~~~~~~~~~~~
make: *** [src/helloworld.o] Error 1
09:40:29 **** Auto Build of configuration Debug for project VGA_demo ****
make pre-build main-build 
a9-linaro-pre-build-step
' '
'Building file: ../src/helloworld.c'
'Invoking: ARM v7 gcc compiler'
arm-none-eabi-gcc -Wall -O0 -g3 -c -fmessage-length=0 -MT"src/helloworld.o" -mcpu=cortex-a9 -mfpu=vfpv3 -mfloat-abi=hard -I../../VGA_demo_bsp/ps7_cortexa9_0/include -MMD -MP -MF"src/helloworld.d" -MT"src/helloworld.o" -o "src/helloworld.o" "../src/helloworld.c"
In file included from ../src/helloworld.c:55:0:
../src/helloworld.c: In function 'main':
../src/VGA.h:54:59: error: invalid type argument of '->' (have 'vga_frame {aka struct vga_frame}')
 #define vga_frame_get_pixel(vga_frame_obj) (vga_frame_obj)->pixels
                                                           ^
../src/helloworld.c:112:5: note: in expansion of macro 'vga_frame_get_pixel'
     vga_frame_get_pixel(vga_frame_obj)[100][100] = &vga_pixel_obj;
     ^~~~~~~~~~~~~~~~~~~
../src/VGA.h:54:59: error: invalid type argument of '->' (have 'vga_frame {aka struct vga_frame}')
 #define vga_frame_get_pixel(vga_frame_obj) (vga_frame_obj)->pixels
                                                           ^
../src/helloworld.c:113:5: note: in expansion of macro 'vga_frame_get_pixel'
     vga_frame_get_pixel(vga_frame_obj)[100][200] = &vga_pixel_obj;
     ^~~~~~~~~~~~~~~~~~~
../src/VGA.h:54:59: error: invalid type argument of '->' (have 'vga_frame {aka struct vga_frame}')
 #define vga_frame_get_pixel(vga_frame_obj) (vga_frame_obj)->pixels
                                                           ^
../src/helloworld.c:114:5: note: in expansion of macro 'vga_frame_get_pixel'
     vga_frame_get_pixel(vga_frame_obj)[100][300] = &vga_pixel_obj;
     ^~~~~~~~~~~~~~~~~~~
make: *** [src/helloworld.o] Error 1
09:41:07 **** Auto Build of configuration Debug for project VGA_demo ****
make pre-build main-build 
a9-linaro-pre-build-step
' '
'Building file: ../src/helloworld.c'
'Invoking: ARM v7 gcc compiler'
arm-none-eabi-gcc -Wall -O0 -g3 -c -fmessage-length=0 -MT"src/helloworld.o" -mcpu=cortex-a9 -mfpu=vfpv3 -mfloat-abi=hard -I../../VGA_demo_bsp/ps7_cortexa9_0/include -MMD -MP -MF"src/helloworld.d" -MT"src/helloworld.o" -o "src/helloworld.o" "../src/helloworld.c"
In file included from ../src/helloworld.c:55:0:
../src/helloworld.c: In function 'main':
../src/VGA.h:54:59: error: invalid type argument of '->' (have 'vga_frame {aka struct vga_frame}')
 #define vga_frame_get_pixel(vga_frame_obj) (vga_frame_obj)->pixels
                                                           ^
../src/helloworld.c:112:5: note: in expansion of macro 'vga_frame_get_pixel'
     vga_frame_get_pixel(vga_frame_obj)[100][100] = (vga_pixel) vga_pixel_obj;
     ^~~~~~~~~~~~~~~~~~~
../src/VGA.h:54:59: error: invalid type argument of '->' (have 'vga_frame {aka struct vga_frame}')
 #define vga_frame_get_pixel(vga_frame_obj) (vga_frame_obj)->pixels
                                                           ^
../src/helloworld.c:113:5: note: in expansion of macro 'vga_frame_get_pixel'
     vga_frame_get_pixel(vga_frame_obj)[100][200] = (vga_pixel) vga_pixel_obj;
     ^~~~~~~~~~~~~~~~~~~
../src/VGA.h:54:59: error: invalid type argument of '->' (have 'vga_frame {aka struct vga_frame}')
 #define vga_frame_get_pixel(vga_frame_obj) (vga_frame_obj)->pixels
                                                           ^
../src/helloworld.c:114:5: note: in expansion of macro 'vga_frame_get_pixel'
     vga_frame_get_pixel(vga_frame_obj)[100][300] = (vga_pixel) vga_pixel_obj;
     ^~~~~~~~~~~~~~~~~~~
make: *** [src/helloworld.o] Error 1
09:41:30 **** Auto Build of configuration Debug for project VGA_demo ****
make pre-build main-build 
a9-linaro-pre-build-step
' '
'Building file: ../src/helloworld.c'
'Invoking: ARM v7 gcc compiler'
arm-none-eabi-gcc -Wall -O0 -g3 -c -fmessage-length=0 -MT"src/helloworld.o" -mcpu=cortex-a9 -mfpu=vfpv3 -mfloat-abi=hard -I../../VGA_demo_bsp/ps7_cortexa9_0/include -MMD -MP -MF"src/helloworld.d" -MT"src/helloworld.o" -o "src/helloworld.o" "../src/helloworld.c"
In file included from ../src/helloworld.c:55:0:
../src/helloworld.c: In function 'main':
../src/VGA.h:54:59: error: invalid type argument of '->' (have 'vga_frame {aka struct vga_frame}')
 #define vga_frame_get_pixel(vga_frame_obj) (vga_frame_obj)->pixels
                                                           ^
../src/helloworld.c:112:5: note: in expansion of macro 'vga_frame_get_pixel'
     vga_frame_get_pixel(vga_frame_obj)[100][100] = (vga_pixel *) vga_pixel_obj;
     ^~~~~~~~~~~~~~~~~~~
../src/helloworld.c:112:5: error: cannot convert to a pointer type
In file included from ../src/helloworld.c:55:0:
../src/VGA.h:54:59: error: invalid type argument of '->' (have 'vga_frame {aka struct vga_frame}')
 #define vga_frame_get_pixel(vga_frame_obj) (vga_frame_obj)->pixels
                                                           ^
../src/helloworld.c:113:5: note: in expansion of macro 'vga_frame_get_pixel'
     vga_frame_get_pixel(vga_frame_obj)[100][200] = (vga_pixel *) vga_pixel_obj;
     ^~~~~~~~~~~~~~~~~~~
../src/helloworld.c:113:5: error: cannot convert to a pointer type
In file included from ../src/helloworld.c:55:0:
../src/VGA.h:54:59: error: invalid type argument of '->' (have 'vga_frame {aka struct vga_frame}')
 #define vga_frame_get_pixel(vga_frame_obj) (vga_frame_obj)->pixels
                                                           ^
../src/helloworld.c:114:5: note: in expansion of macro 'vga_frame_get_pixel'
     vga_frame_get_pixel(vga_frame_obj)[100][300] = (vga_pixel *) vga_pixel_obj;
     ^~~~~~~~~~~~~~~~~~~
../src/helloworld.c:114:5: error: cannot convert to a pointer type
make: *** [src/helloworld.o] Error 1
09:41:42 **** Auto Build of configuration Debug for project VGA_demo ****
make pre-build main-build 
a9-linaro-pre-build-step
' '
'Building file: ../src/helloworld.c'
'Invoking: ARM v7 gcc compiler'
arm-none-eabi-gcc -Wall -O0 -g3 -c -fmessage-length=0 -MT"src/helloworld.o" -mcpu=cortex-a9 -mfpu=vfpv3 -mfloat-abi=hard -I../../VGA_demo_bsp/ps7_cortexa9_0/include -MMD -MP -MF"src/helloworld.d" -MT"src/helloworld.o" -o "src/helloworld.o" "../src/helloworld.c"
In file included from ../src/helloworld.c:55:0:
../src/helloworld.c: In function 'main':
../src/VGA.h:54:59: error: invalid type argument of '->' (have 'vga_frame {aka struct vga_frame}')
 #define vga_frame_get_pixel(vga_frame_obj) (vga_frame_obj)->pixels
                                                           ^
../src/helloworld.c:112:5: note: in expansion of macro 'vga_frame_get_pixel'
     vga_frame_get_pixel(vga_frame_obj)[100][100] = (vga_pixel) vga_pixel_obj;
     ^~~~~~~~~~~~~~~~~~~
../src/VGA.h:54:59: error: invalid type argument of '->' (have 'vga_frame {aka struct vga_frame}')
 #define vga_frame_get_pixel(vga_frame_obj) (vga_frame_obj)->pixels
                                                           ^
../src/helloworld.c:113:5: note: in expansion of macro 'vga_frame_get_pixel'
     vga_frame_get_pixel(vga_frame_obj)[100][200] = (vga_pixel) vga_pixel_obj;
     ^~~~~~~~~~~~~~~~~~~
../src/VGA.h:54:59: error: invalid type argument of '->' (have 'vga_frame {aka struct vga_frame}')
 #define vga_frame_get_pixel(vga_frame_obj) (vga_frame_obj)->pixels
                                                           ^
../src/helloworld.c:114:5: note: in expansion of macro 'vga_frame_get_pixel'
     vga_frame_get_pixel(vga_frame_obj)[100][300] = (vga_pixel) vga_pixel_obj;
     ^~~~~~~~~~~~~~~~~~~
make: *** [src/helloworld.o] Error 1
09:45:07 **** Auto Build of configuration Debug for project VGA_demo ****
make pre-build main-build 
a9-linaro-pre-build-step
' '
'Building file: ../src/VGA.c'
'Invoking: ARM v7 gcc compiler'
arm-none-eabi-gcc -Wall -O0 -g3 -c -fmessage-length=0 -MT"src/VGA.o" -mcpu=cortex-a9 -mfpu=vfpv3 -mfloat-abi=hard -I../../VGA_demo_bsp/ps7_cortexa9_0/include -MMD -MP -MF"src/VGA.d" -MT"src/VGA.o" -o "src/VGA.o" "../src/VGA.c"
In file included from ../src/VGA.c:7:0:
../src/VGA.c: In function 'vga_set_pixel':
../src/VGA.c:50:23: error: 'vga_frame_obj' undeclared (first use in this function)
   vga_frame_get_pixel(vga_frame_obj)[y_new][x_new] = color;
                       ^
../src/VGA.h:54:45: note: in definition of macro 'vga_frame_get_pixel'
 #define vga_frame_get_pixel(vga_frame_obj) (vga_frame_obj)->pixels
                                             ^~~~~~~~~~~~~
../src/VGA.c:50:23: note: each undeclared identifier is reported only once for each function it appears in
   vga_frame_get_pixel(vga_frame_obj)[y_new][x_new] = color;
                       ^
../src/VGA.h:54:45: note: in definition of macro 'vga_frame_get_pixel'
 #define vga_frame_get_pixel(vga_frame_obj) (vga_frame_obj)->pixels
                                             ^~~~~~~~~~~~~
../src/VGA.c:50:38: error: 'y_new' undeclared (first use in this function)
   vga_frame_get_pixel(vga_frame_obj)[y_new][x_new] = color;
                                      ^~~~~
../src/VGA.c:50:45: error: 'x_new' undeclared (first use in this function)
   vga_frame_get_pixel(vga_frame_obj)[y_new][x_new] = color;
                                             ^~~~~
make: *** [src/VGA.o] Error 1
09:45:30 **** Auto Build of configuration Debug for project VGA_demo ****
make pre-build main-build 
a9-linaro-pre-build-step
' '
'Building file: ../src/VGA.c'
'Invoking: ARM v7 gcc compiler'
arm-none-eabi-gcc -Wall -O0 -g3 -c -fmessage-length=0 -MT"src/VGA.o" -mcpu=cortex-a9 -mfpu=vfpv3 -mfloat-abi=hard -I../../VGA_demo_bsp/ps7_cortexa9_0/include -MMD -MP -MF"src/VGA.d" -MT"src/VGA.o" -o "src/VGA.o" "../src/VGA.c"
In file included from ../src/VGA.c:7:0:
../src/VGA.c: In function 'vga_set_pixel':
../src/VGA.c:50:23: error: 'vga_frame_obj' undeclared (first use in this function)
   vga_frame_get_pixel(vga_frame_obj)[y][x] = color;
                       ^
../src/VGA.h:54:45: note: in definition of macro 'vga_frame_get_pixel'
 #define vga_frame_get_pixel(vga_frame_obj) (vga_frame_obj)->pixels
                                             ^~~~~~~~~~~~~
../src/VGA.c:50:23: note: each undeclared identifier is reported only once for each function it appears in
   vga_frame_get_pixel(vga_frame_obj)[y][x] = color;
                       ^
../src/VGA.h:54:45: note: in definition of macro 'vga_frame_get_pixel'
 #define vga_frame_get_pixel(vga_frame_obj) (vga_frame_obj)->pixels
                                             ^~~~~~~~~~~~~
make: *** [src/VGA.o] Error 1
09:46:15 **** Auto Build of configuration Debug for project VGA_demo ****
make pre-build main-build 
a9-linaro-pre-build-step
' '
'Building file: ../src/VGA.c'
'Invoking: ARM v7 gcc compiler'
arm-none-eabi-gcc -Wall -O0 -g3 -c -fmessage-length=0 -MT"src/VGA.o" -mcpu=cortex-a9 -mfpu=vfpv3 -mfloat-abi=hard -I../../VGA_demo_bsp/ps7_cortexa9_0/include -MMD -MP -MF"src/VGA.d" -MT"src/VGA.o" -o "src/VGA.o" "../src/VGA.c"
'Finished building: ../src/VGA.c'
' '
'Building file: ../src/helloworld.c'
'Invoking: ARM v7 gcc compiler'
arm-none-eabi-gcc -Wall -O0 -g3 -c -fmessage-length=0 -MT"src/helloworld.o" -mcpu=cortex-a9 -mfpu=vfpv3 -mfloat-abi=hard -I../../VGA_demo_bsp/ps7_cortexa9_0/include -MMD -MP -MF"src/helloworld.d" -MT"src/helloworld.o" -o "src/helloworld.o" "../src/helloworld.c"
../src/helloworld.c: In function 'main':
../src/helloworld.c:112:5: warning: implicit declaration of function 'vga_set_pixel' [-Wimplicit-function-declaration]
     vga_set_pixel((&vga_frame_obj, 100, 200, vga_pixel color);
     ^~~~~~~~~~~~~
../src/helloworld.c:112:34: warning: left-hand operand of comma expression has no effect [-Wunused-value]
     vga_set_pixel((&vga_frame_obj, 100, 200, vga_pixel color);
                                  ^
../src/helloworld.c:112:39: warning: left-hand operand of comma expression has no effect [-Wunused-value]
     vga_set_pixel((&vga_frame_obj, 100, 200, vga_pixel color);
                                       ^
../src/helloworld.c:112:46: error: expected expression before 'vga_pixel'
     vga_set_pixel((&vga_frame_obj, 100, 200, vga_pixel color);
                                              ^~~~~~~~~
../src/helloworld.c:112:44: warning: left-hand operand of comma expression has no effect [-Wunused-value]
     vga_set_pixel((&vga_frame_obj, 100, 200, vga_pixel color);
                                            ^
../src/helloworld.c:112:62: error: expected ')' before ';' token
     vga_set_pixel((&vga_frame_obj, 100, 200, vga_pixel color);
                                                              ^
../src/helloworld.c:129:1: error: expected declaration or statement at end of input
 }
 ^
make: *** [src/helloworld.o] Error 1
09:46:45 **** Auto Build of configuration Debug for project VGA_demo ****
make pre-build main-build 
a9-linaro-pre-build-step
' '
'Building file: ../src/helloworld.c'
'Invoking: ARM v7 gcc compiler'
arm-none-eabi-gcc -Wall -O0 -g3 -c -fmessage-length=0 -MT"src/helloworld.o" -mcpu=cortex-a9 -mfpu=vfpv3 -mfloat-abi=hard -I../../VGA_demo_bsp/ps7_cortexa9_0/include -MMD -MP -MF"src/helloworld.d" -MT"src/helloworld.o" -o "src/helloworld.o" "../src/helloworld.c"
../src/helloworld.c: In function 'main':
../src/helloworld.c:112:5: warning: implicit declaration of function 'vga_set_pixel' [-Wimplicit-function-declaration]
     vga_set_pixel((&vga_frame_obj, 100, 200, vga_pixel_obj);
     ^~~~~~~~~~~~~
../src/helloworld.c:112:34: warning: left-hand operand of comma expression has no effect [-Wunused-value]
     vga_set_pixel((&vga_frame_obj, 100, 200, vga_pixel_obj);
                                  ^
../src/helloworld.c:112:39: warning: left-hand operand of comma expression has no effect [-Wunused-value]
     vga_set_pixel((&vga_frame_obj, 100, 200, vga_pixel_obj);
                                       ^
../src/helloworld.c:112:44: warning: left-hand operand of comma expression has no effect [-Wunused-value]
     vga_set_pixel((&vga_frame_obj, 100, 200, vga_pixel_obj);
                                            ^
../src/helloworld.c:112:60: error: expected ')' before ';' token
     vga_set_pixel((&vga_frame_obj, 100, 200, vga_pixel_obj);
                                                            ^
../src/helloworld.c:129:1: error: expected declaration or statement at end of input
 }
 ^
make: *** [src/helloworld.o] Error 1
09:47:09 **** Auto Build of configuration Debug for project VGA_demo ****
make pre-build main-build 
a9-linaro-pre-build-step
' '
'Building file: ../src/helloworld.c'
'Invoking: ARM v7 gcc compiler'
arm-none-eabi-gcc -Wall -O0 -g3 -c -fmessage-length=0 -MT"src/helloworld.o" -mcpu=cortex-a9 -mfpu=vfpv3 -mfloat-abi=hard -I../../VGA_demo_bsp/ps7_cortexa9_0/include -MMD -MP -MF"src/helloworld.d" -MT"src/helloworld.o" -o "src/helloworld.o" "../src/helloworld.c"
../src/helloworld.c: In function 'main':
../src/helloworld.c:112:5: warning: implicit declaration of function 'vga_set_pixel' [-Wimplicit-function-declaration]
     vga_set_pixel(&vga_frame_obj, 100, 200, vga_pixel_obj);
     ^~~~~~~~~~~~~
'Finished building: ../src/helloworld.c'
' '
'Building target: VGA_demo.elf'
'Invoking: ARM v7 gcc linker'
arm-none-eabi-gcc -mcpu=cortex-a9 -mfpu=vfpv3 -mfloat-abi=hard -Wl,-build-id=none -specs=Xilinx.spec -Wl,-T -Wl,../src/lscript.ld -L../../VGA_demo_bsp/ps7_cortexa9_0/lib -o "VGA_demo.elf"  ./src/VGA.o ./src/helloworld.o ./src/platform.o   -Wl,--start-group,-lxil,-lgcc,-lc,--end-group
'Finished building target: VGA_demo.elf'
' '
'Invoking: ARM v7 Print Size'
arm-none-eabi-size VGA_demo.elf  |tee "VGA_demo.elf.size"
   text	   data	    bss	    dec	    hex	filename
  29004	   1172	 637016	 667192	  a2e38	VGA_demo.elf
'Finished building: VGA_demo.elf.size'
' '
09:47:19 **** Incremental Build of configuration Debug for project VGA_demo ****
make pre-build main-build 
a9-linaro-pre-build-step
' '
make: Nothing to be done for `main-build'.
09:47:49 **** Incremental Build of configuration Debug for project VGA_demo ****
make pre-build main-build 
a9-linaro-pre-build-step
' '
make: Nothing to be done for `main-build'.
09:48:15 **** Auto Build of configuration Debug for project VGA_demo ****
make pre-build main-build 
a9-linaro-pre-build-step
' '
'Building file: ../src/helloworld.c'
'Invoking: ARM v7 gcc compiler'
arm-none-eabi-gcc -Wall -O0 -g3 -c -fmessage-length=0 -MT"src/helloworld.o" -mcpu=cortex-a9 -mfpu=vfpv3 -mfloat-abi=hard -I../../VGA_demo_bsp/ps7_cortexa9_0/include -MMD -MP -MF"src/helloworld.d" -MT"src/helloworld.o" -o "src/helloworld.o" "../src/helloworld.c"
../src/helloworld.c: In function 'main':
../src/helloworld.c:114:5: warning: implicit declaration of function 'vga_set_pixel' [-Wimplicit-function-declaration]
     vga_set_pixel(&vga_frame_obj, 100, 200, vga_pixel_obj);
     ^~~~~~~~~~~~~
'Finished building: ../src/helloworld.c'
' '
'Building target: VGA_demo.elf'
'Invoking: ARM v7 gcc linker'
arm-none-eabi-gcc -mcpu=cortex-a9 -mfpu=vfpv3 -mfloat-abi=hard -Wl,-build-id=none -specs=Xilinx.spec -Wl,-T -Wl,../src/lscript.ld -L../../VGA_demo_bsp/ps7_cortexa9_0/lib -o "VGA_demo.elf"  ./src/VGA.o ./src/helloworld.o ./src/platform.o   -Wl,--start-group,-lxil,-lgcc,-lc,--end-group
'Finished building target: VGA_demo.elf'
' '
'Invoking: ARM v7 Print Size'
arm-none-eabi-size VGA_demo.elf  |tee "VGA_demo.elf.size"
   text	   data	    bss	    dec	    hex	filename
  29068	   1172	 637016	 667256	  a2e78	VGA_demo.elf
'Finished building: VGA_demo.elf.size'
' '
09:48:24 **** Incremental Build of configuration Debug for project VGA_demo ****
make pre-build main-build 
a9-linaro-pre-build-step
' '
make: Nothing to be done for `main-build'.
09:48:48 **** Auto Build of configuration Debug for project VGA_demo ****
make pre-build main-build 
a9-linaro-pre-build-step
' '
'Building file: ../src/helloworld.c'
'Invoking: ARM v7 gcc compiler'
arm-none-eabi-gcc -Wall -O0 -g3 -c -fmessage-length=0 -MT"src/helloworld.o" -mcpu=cortex-a9 -mfpu=vfpv3 -mfloat-abi=hard -I../../VGA_demo_bsp/ps7_cortexa9_0/include -MMD -MP -MF"src/helloworld.d" -MT"src/helloworld.o" -o "src/helloworld.o" "../src/helloworld.c"
../src/helloworld.c: In function 'main':
../src/helloworld.c:114:5: warning: implicit declaration of function 'vga_set_pixel' [-Wimplicit-function-declaration]
     vga_set_pixel(&vga_frame_obj, 400, 200, vga_pixel_obj);
     ^~~~~~~~~~~~~
'Finished building: ../src/helloworld.c'
' '
'Building target: VGA_demo.elf'
'Invoking: ARM v7 gcc linker'
arm-none-eabi-gcc -mcpu=cortex-a9 -mfpu=vfpv3 -mfloat-abi=hard -Wl,-build-id=none -specs=Xilinx.spec -Wl,-T -Wl,../src/lscript.ld -L../../VGA_demo_bsp/ps7_cortexa9_0/lib -o "VGA_demo.elf"  ./src/VGA.o ./src/helloworld.o ./src/platform.o   -Wl,--start-group,-lxil,-lgcc,-lc,--end-group
'Finished building target: VGA_demo.elf'
' '
'Invoking: ARM v7 Print Size'
arm-none-eabi-size VGA_demo.elf  |tee "VGA_demo.elf.size"
   text	   data	    bss	    dec	    hex	filename
  29068	   1172	 637016	 667256	  a2e78	VGA_demo.elf
'Finished building: VGA_demo.elf.size'
' '
09:50:05 **** Auto Build of configuration Debug for project VGA_demo ****
make pre-build main-build 
a9-linaro-pre-build-step
' '
'Building file: ../src/VGA.c'
'Invoking: ARM v7 gcc compiler'
arm-none-eabi-gcc -Wall -O0 -g3 -c -fmessage-length=0 -MT"src/VGA.o" -mcpu=cortex-a9 -mfpu=vfpv3 -mfloat-abi=hard -I../../VGA_demo_bsp/ps7_cortexa9_0/include -MMD -MP -MF"src/VGA.d" -MT"src/VGA.o" -o "src/VGA.o" "../src/VGA.c"
'Finished building: ../src/VGA.c'
' '
'Building file: ../src/helloworld.c'
'Invoking: ARM v7 gcc compiler'
arm-none-eabi-gcc -Wall -O0 -g3 -c -fmessage-length=0 -MT"src/helloworld.o" -mcpu=cortex-a9 -mfpu=vfpv3 -mfloat-abi=hard -I../../VGA_demo_bsp/ps7_cortexa9_0/include -MMD -MP -MF"src/helloworld.d" -MT"src/helloworld.o" -o "src/helloworld.o" "../src/helloworld.c"
'Finished building: ../src/helloworld.c'
' '
'Building target: VGA_demo.elf'
'Invoking: ARM v7 gcc linker'
arm-none-eabi-gcc -mcpu=cortex-a9 -mfpu=vfpv3 -mfloat-abi=hard -Wl,-build-id=none -specs=Xilinx.spec -Wl,-T -Wl,../src/lscript.ld -L../../VGA_demo_bsp/ps7_cortexa9_0/lib -o "VGA_demo.elf"  ./src/VGA.o ./src/helloworld.o ./src/platform.o   -Wl,--start-group,-lxil,-lgcc,-lc,--end-group
'Finished building target: VGA_demo.elf'
' '
'Invoking: ARM v7 Print Size'
arm-none-eabi-size VGA_demo.elf  |tee "VGA_demo.elf.size"
   text	   data	    bss	    dec	    hex	filename
  29068	   1172	 637016	 667256	  a2e78	VGA_demo.elf
'Finished building: VGA_demo.elf.size'
' '
09:50:14 **** Incremental Build of configuration Debug for project VGA_demo ****
make pre-build main-build 
a9-linaro-pre-build-step
' '
make: Nothing to be done for `main-build'.
09:50:50 **** Auto Build of configuration Debug for project VGA_demo ****
make pre-build main-build 
a9-linaro-pre-build-step
' '
'Building file: ../src/helloworld.c'
'Invoking: ARM v7 gcc compiler'
arm-none-eabi-gcc -Wall -O0 -g3 -c -fmessage-length=0 -MT"src/helloworld.o" -mcpu=cortex-a9 -mfpu=vfpv3 -mfloat-abi=hard -I../../VGA_demo_bsp/ps7_cortexa9_0/include -MMD -MP -MF"src/helloworld.d" -MT"src/helloworld.o" -o "src/helloworld.o" "../src/helloworld.c"
'Finished building: ../src/helloworld.c'
' '
'Building target: VGA_demo.elf'
'Invoking: ARM v7 gcc linker'
arm-none-eabi-gcc -mcpu=cortex-a9 -mfpu=vfpv3 -mfloat-abi=hard -Wl,-build-id=none -specs=Xilinx.spec -Wl,-T -Wl,../src/lscript.ld -L../../VGA_demo_bsp/ps7_cortexa9_0/lib -o "VGA_demo.elf"  ./src/VGA.o ./src/helloworld.o ./src/platform.o   -Wl,--start-group,-lxil,-lgcc,-lc,--end-group
'Finished building target: VGA_demo.elf'
' '
'Invoking: ARM v7 Print Size'
arm-none-eabi-size VGA_demo.elf  |tee "VGA_demo.elf.size"
   text	   data	    bss	    dec	    hex	filename
  29068	   1172	 637016	 667256	  a2e78	VGA_demo.elf
'Finished building: VGA_demo.elf.size'
' '
09:51:54 **** Auto Build of configuration Debug for project VGA_demo ****
make pre-build main-build 
a9-linaro-pre-build-step
' '
'Building file: ../src/helloworld.c'
'Invoking: ARM v7 gcc compiler'
arm-none-eabi-gcc -Wall -O0 -g3 -c -fmessage-length=0 -MT"src/helloworld.o" -mcpu=cortex-a9 -mfpu=vfpv3 -mfloat-abi=hard -I../../VGA_demo_bsp/ps7_cortexa9_0/include -MMD -MP -MF"src/helloworld.d" -MT"src/helloworld.o" -o "src/helloworld.o" "../src/helloworld.c"
'Finished building: ../src/helloworld.c'
' '
'Building target: VGA_demo.elf'
'Invoking: ARM v7 gcc linker'
arm-none-eabi-gcc -mcpu=cortex-a9 -mfpu=vfpv3 -mfloat-abi=hard -Wl,-build-id=none -specs=Xilinx.spec -Wl,-T -Wl,../src/lscript.ld -L../../VGA_demo_bsp/ps7_cortexa9_0/lib -o "VGA_demo.elf"  ./src/VGA.o ./src/helloworld.o ./src/platform.o   -Wl,--start-group,-lxil,-lgcc,-lc,--end-group
'Finished building target: VGA_demo.elf'
' '
'Invoking: ARM v7 Print Size'
arm-none-eabi-size VGA_demo.elf  |tee "VGA_demo.elf.size"
   text	   data	    bss	    dec	    hex	filename
  29068	   1172	 637016	 667256	  a2e78	VGA_demo.elf
'Finished building: VGA_demo.elf.size'
' '
09:52:05 **** Incremental Build of configuration Debug for project VGA_demo ****
make pre-build main-build 
a9-linaro-pre-build-step
' '
make: Nothing to be done for `main-build'.
09:52:24 **** Auto Build of configuration Debug for project VGA_demo ****
make pre-build main-build 
a9-linaro-pre-build-step
' '
'Building file: ../src/helloworld.c'
'Invoking: ARM v7 gcc compiler'
arm-none-eabi-gcc -Wall -O0 -g3 -c -fmessage-length=0 -MT"src/helloworld.o" -mcpu=cortex-a9 -mfpu=vfpv3 -mfloat-abi=hard -I../../VGA_demo_bsp/ps7_cortexa9_0/include -MMD -MP -MF"src/helloworld.d" -MT"src/helloworld.o" -o "src/helloworld.o" "../src/helloworld.c"
'Finished building: ../src/helloworld.c'
' '
'Building target: VGA_demo.elf'
'Invoking: ARM v7 gcc linker'
arm-none-eabi-gcc -mcpu=cortex-a9 -mfpu=vfpv3 -mfloat-abi=hard -Wl,-build-id=none -specs=Xilinx.spec -Wl,-T -Wl,../src/lscript.ld -L../../VGA_demo_bsp/ps7_cortexa9_0/lib -o "VGA_demo.elf"  ./src/VGA.o ./src/helloworld.o ./src/platform.o   -Wl,--start-group,-lxil,-lgcc,-lc,--end-group
'Finished building target: VGA_demo.elf'
' '
'Invoking: ARM v7 Print Size'
arm-none-eabi-size VGA_demo.elf  |tee "VGA_demo.elf.size"
   text	   data	    bss	    dec	    hex	filename
  29068	   1172	 637016	 667256	  a2e78	VGA_demo.elf
'Finished building: VGA_demo.elf.size'
' '
09:52:32 **** Incremental Build of configuration Debug for project VGA_demo ****
make pre-build main-build 
a9-linaro-pre-build-step
' '
make: Nothing to be done for `main-build'.
09:53:31 **** Auto Build of configuration Debug for project VGA_demo ****
make pre-build main-build 
a9-linaro-pre-build-step
' '
'Building file: ../src/helloworld.c'
'Invoking: ARM v7 gcc compiler'
arm-none-eabi-gcc -Wall -O0 -g3 -c -fmessage-length=0 -MT"src/helloworld.o" -mcpu=cortex-a9 -mfpu=vfpv3 -mfloat-abi=hard -I../../VGA_demo_bsp/ps7_cortexa9_0/include -MMD -MP -MF"src/helloworld.d" -MT"src/helloworld.o" -o "src/helloworld.o" "../src/helloworld.c"
'Finished building: ../src/helloworld.c'
' '
'Building target: VGA_demo.elf'
'Invoking: ARM v7 gcc linker'
arm-none-eabi-gcc -mcpu=cortex-a9 -mfpu=vfpv3 -mfloat-abi=hard -Wl,-build-id=none -specs=Xilinx.spec -Wl,-T -Wl,../src/lscript.ld -L../../VGA_demo_bsp/ps7_cortexa9_0/lib -o "VGA_demo.elf"  ./src/VGA.o ./src/helloworld.o ./src/platform.o   -Wl,--start-group,-lxil,-lgcc,-lc,--end-group
'Finished building target: VGA_demo.elf'
' '
'Invoking: ARM v7 Print Size'
arm-none-eabi-size VGA_demo.elf  |tee "VGA_demo.elf.size"
   text	   data	    bss	    dec	    hex	filename
  29068	   1172	 637016	 667256	  a2e78	VGA_demo.elf
'Finished building: VGA_demo.elf.size'
' '
09:54:08 **** Auto Build of configuration Debug for project VGA_demo ****
make pre-build main-build 
a9-linaro-pre-build-step
' '
'Building file: ../src/helloworld.c'
'Invoking: ARM v7 gcc compiler'
arm-none-eabi-gcc -Wall -O0 -g3 -c -fmessage-length=0 -MT"src/helloworld.o" -mcpu=cortex-a9 -mfpu=vfpv3 -mfloat-abi=hard -I../../VGA_demo_bsp/ps7_cortexa9_0/include -MMD -MP -MF"src/helloworld.d" -MT"src/helloworld.o" -o "src/helloworld.o" "../src/helloworld.c"
'Finished building: ../src/helloworld.c'
' '
'Building target: VGA_demo.elf'
'Invoking: ARM v7 gcc linker'
arm-none-eabi-gcc -mcpu=cortex-a9 -mfpu=vfpv3 -mfloat-abi=hard -Wl,-build-id=none -specs=Xilinx.spec -Wl,-T -Wl,../src/lscript.ld -L../../VGA_demo_bsp/ps7_cortexa9_0/lib -o "VGA_demo.elf"  ./src/VGA.o ./src/helloworld.o ./src/platform.o   -Wl,--start-group,-lxil,-lgcc,-lc,--end-group
'Finished building target: VGA_demo.elf'
' '
'Invoking: ARM v7 Print Size'
arm-none-eabi-size VGA_demo.elf  |tee "VGA_demo.elf.size"
   text	   data	    bss	    dec	    hex	filename
  29068	   1172	 637016	 667256	  a2e78	VGA_demo.elf
'Finished building: VGA_demo.elf.size'
' '
09:56:49 **** Auto Build of configuration Debug for project VGA_demo ****
make pre-build main-build 
a9-linaro-pre-build-step
' '
'Building file: ../src/VGA.c'
'Invoking: ARM v7 gcc compiler'
[...]
a9-linaro-pre-build-step
' '
make: Nothing to be done for `main-build'.
13:25:37 **** Auto Build of configuration Debug for project VGA_demo ****
make pre-build main-build 
a9-linaro-pre-build-step
' '
'Building file: ../src/helloworld.c'
'Invoking: ARM v7 gcc compiler'
arm-none-eabi-gcc -Wall -O0 -g3 -c -fmessage-length=0 -MT"src/helloworld.o" -mcpu=cortex-a9 -mfpu=vfpv3 -mfloat-abi=hard -I../../VGA_demo_bsp/ps7_cortexa9_0/include -MMD -MP -MF"src/helloworld.d" -MT"src/helloworld.o" -o "src/helloworld.o" "../src/helloworld.c"
'Finished building: ../src/helloworld.c'
' '
'Building target: VGA_demo.elf'
'Invoking: ARM v7 gcc linker'
arm-none-eabi-gcc -mcpu=cortex-a9 -mfpu=vfpv3 -mfloat-abi=hard -Wl,-build-id=none -specs=Xilinx.spec -Wl,-T -Wl,../src/lscript.ld -L../../VGA_demo_bsp/ps7_cortexa9_0/lib -o "VGA_demo.elf"  ./src/VGA.o ./src/helloworld.o ./src/platform.o   -Wl,--start-group,-lxil,-lgcc,-lc,--end-group
'Finished building target: VGA_demo.elf'
' '
'Invoking: ARM v7 Print Size'
arm-none-eabi-size VGA_demo.elf  |tee "VGA_demo.elf.size"
   text	   data	    bss	    dec	    hex	filename
  27716	   1180	 637048	 665944	  a2958	VGA_demo.elf
'Finished building: VGA_demo.elf.size'
' '
13:25:43 **** Incremental Build of configuration Debug for project VGA_demo ****
make pre-build main-build 
a9-linaro-pre-build-step
' '
make: Nothing to be done for `main-build'.
13:26:09 **** Auto Build of configuration Debug for project VGA_demo ****
make pre-build main-build 
a9-linaro-pre-build-step
' '
'Building file: ../src/helloworld.c'
'Invoking: ARM v7 gcc compiler'
arm-none-eabi-gcc -Wall -O0 -g3 -c -fmessage-length=0 -MT"src/helloworld.o" -mcpu=cortex-a9 -mfpu=vfpv3 -mfloat-abi=hard -I../../VGA_demo_bsp/ps7_cortexa9_0/include -MMD -MP -MF"src/helloworld.d" -MT"src/helloworld.o" -o "src/helloworld.o" "../src/helloworld.c"
'Finished building: ../src/helloworld.c'
' '
'Building target: VGA_demo.elf'
'Invoking: ARM v7 gcc linker'
arm-none-eabi-gcc -mcpu=cortex-a9 -mfpu=vfpv3 -mfloat-abi=hard -Wl,-build-id=none -specs=Xilinx.spec -Wl,-T -Wl,../src/lscript.ld -L../../VGA_demo_bsp/ps7_cortexa9_0/lib -o "VGA_demo.elf"  ./src/VGA.o ./src/helloworld.o ./src/platform.o   -Wl,--start-group,-lxil,-lgcc,-lc,--end-group
'Finished building target: VGA_demo.elf'
' '
'Invoking: ARM v7 Print Size'
arm-none-eabi-size VGA_demo.elf  |tee "VGA_demo.elf.size"
   text	   data	    bss	    dec	    hex	filename
  27716	   1180	 637048	 665944	  a2958	VGA_demo.elf
'Finished building: VGA_demo.elf.size'
' '
13:27:59 **** Auto Build of configuration Debug for project VGA_demo ****
make pre-build main-build 
a9-linaro-pre-build-step
' '
'Building file: ../src/helloworld.c'
'Invoking: ARM v7 gcc compiler'
arm-none-eabi-gcc -Wall -O0 -g3 -c -fmessage-length=0 -MT"src/helloworld.o" -mcpu=cortex-a9 -mfpu=vfpv3 -mfloat-abi=hard -I../../VGA_demo_bsp/ps7_cortexa9_0/include -MMD -MP -MF"src/helloworld.d" -MT"src/helloworld.o" -o "src/helloworld.o" "../src/helloworld.c"
'Finished building: ../src/helloworld.c'
' '
'Building target: VGA_demo.elf'
'Invoking: ARM v7 gcc linker'
arm-none-eabi-gcc -mcpu=cortex-a9 -mfpu=vfpv3 -mfloat-abi=hard -Wl,-build-id=none -specs=Xilinx.spec -Wl,-T -Wl,../src/lscript.ld -L../../VGA_demo_bsp/ps7_cortexa9_0/lib -o "VGA_demo.elf"  ./src/VGA.o ./src/helloworld.o ./src/platform.o   -Wl,--start-group,-lxil,-lgcc,-lc,--end-group
'Finished building target: VGA_demo.elf'
' '
'Invoking: ARM v7 Print Size'
arm-none-eabi-size VGA_demo.elf  |tee "VGA_demo.elf.size"
   text	   data	    bss	    dec	    hex	filename
  27780	   1180	 637048	 666008	  a2998	VGA_demo.elf
'Finished building: VGA_demo.elf.size'
' '
13:28:05 **** Incremental Build of configuration Debug for project VGA_demo ****
make pre-build main-build 
a9-linaro-pre-build-step
' '
make: Nothing to be done for `main-build'.
13:31:04 **** Auto Build of configuration Debug for project VGA_demo ****
make pre-build main-build 
a9-linaro-pre-build-step
' '
'Building file: ../src/VGA.c'
'Invoking: ARM v7 gcc compiler'
arm-none-eabi-gcc -Wall -O0 -g3 -c -fmessage-length=0 -MT"src/VGA.o" -mcpu=cortex-a9 -mfpu=vfpv3 -mfloat-abi=hard -I../../VGA_demo_bsp/ps7_cortexa9_0/include -MMD -MP -MF"src/VGA.d" -MT"src/VGA.o" -o "src/VGA.o" "../src/VGA.c"
'Finished building: ../src/VGA.c'
' '
'Building target: VGA_demo.elf'
'Invoking: ARM v7 gcc linker'
arm-none-eabi-gcc -mcpu=cortex-a9 -mfpu=vfpv3 -mfloat-abi=hard -Wl,-build-id=none -specs=Xilinx.spec -Wl,-T -Wl,../src/lscript.ld -L../../VGA_demo_bsp/ps7_cortexa9_0/lib -o "VGA_demo.elf"  ./src/VGA.o ./src/helloworld.o ./src/platform.o   -Wl,--start-group,-lxil,-lgcc,-lc,--end-group
'Finished building target: VGA_demo.elf'
' '
'Invoking: ARM v7 Print Size'
arm-none-eabi-size VGA_demo.elf  |tee "VGA_demo.elf.size"
   text	   data	    bss	    dec	    hex	filename
  27780	   1180	 637048	 666008	  a2998	VGA_demo.elf
'Finished building: VGA_demo.elf.size'
' '
13:32:24 **** Auto Build of configuration Debug for project VGA_demo ****
make pre-build main-build 
a9-linaro-pre-build-step
' '
'Building file: ../src/VGA.c'
'Invoking: ARM v7 gcc compiler'
arm-none-eabi-gcc -Wall -O0 -g3 -c -fmessage-length=0 -MT"src/VGA.o" -mcpu=cortex-a9 -mfpu=vfpv3 -mfloat-abi=hard -I../../VGA_demo_bsp/ps7_cortexa9_0/include -MMD -MP -MF"src/VGA.d" -MT"src/VGA.o" -o "src/VGA.o" "../src/VGA.c"
'Finished building: ../src/VGA.c'
' '
'Building target: VGA_demo.elf'
'Invoking: ARM v7 gcc linker'
arm-none-eabi-gcc -mcpu=cortex-a9 -mfpu=vfpv3 -mfloat-abi=hard -Wl,-build-id=none -specs=Xilinx.spec -Wl,-T -Wl,../src/lscript.ld -L../../VGA_demo_bsp/ps7_cortexa9_0/lib -o "VGA_demo.elf"  ./src/VGA.o ./src/helloworld.o ./src/platform.o   -Wl,--start-group,-lxil,-lgcc,-lc,--end-group
'Finished building target: VGA_demo.elf'
' '
'Invoking: ARM v7 Print Size'
arm-none-eabi-size VGA_demo.elf  |tee "VGA_demo.elf.size"
   text	   data	    bss	    dec	    hex	filename
  27780	   1180	 637048	 666008	  a2998	VGA_demo.elf
'Finished building: VGA_demo.elf.size'
' '
13:37:28 **** Auto Build of configuration Debug for project VGA_demo ****
make pre-build main-build 
a9-linaro-pre-build-step
' '
'Building file: ../src/VGA.c'
'Invoking: ARM v7 gcc compiler'
arm-none-eabi-gcc -Wall -O0 -g3 -c -fmessage-length=0 -MT"src/VGA.o" -mcpu=cortex-a9 -mfpu=vfpv3 -mfloat-abi=hard -I../../VGA_demo_bsp/ps7_cortexa9_0/include -MMD -MP -MF"src/VGA.d" -MT"src/VGA.o" -o "src/VGA.o" "../src/VGA.c"
'Finished building: ../src/VGA.c'
' '
'Building target: VGA_demo.elf'
'Invoking: ARM v7 gcc linker'
arm-none-eabi-gcc -mcpu=cortex-a9 -mfpu=vfpv3 -mfloat-abi=hard -Wl,-build-id=none -specs=Xilinx.spec -Wl,-T -Wl,../src/lscript.ld -L../../VGA_demo_bsp/ps7_cortexa9_0/lib -o "VGA_demo.elf"  ./src/VGA.o ./src/helloworld.o ./src/platform.o   -Wl,--start-group,-lxil,-lgcc,-lc,--end-group
'Finished building target: VGA_demo.elf'
' '
'Invoking: ARM v7 Print Size'
arm-none-eabi-size VGA_demo.elf  |tee "VGA_demo.elf.size"
   text	   data	    bss	    dec	    hex	filename
  27780	   1180	 637048	 666008	  a2998	VGA_demo.elf
'Finished building: VGA_demo.elf.size'
' '
13:37:56 **** Auto Build of configuration Debug for project VGA_demo ****
make pre-build main-build 
a9-linaro-pre-build-step
' '
'Building file: ../src/VGA.c'
'Invoking: ARM v7 gcc compiler'
arm-none-eabi-gcc -Wall -O0 -g3 -c -fmessage-length=0 -MT"src/VGA.o" -mcpu=cortex-a9 -mfpu=vfpv3 -mfloat-abi=hard -I../../VGA_demo_bsp/ps7_cortexa9_0/include -MMD -MP -MF"src/VGA.d" -MT"src/VGA.o" -o "src/VGA.o" "../src/VGA.c"
'Finished building: ../src/VGA.c'
' '
'Building target: VGA_demo.elf'
'Invoking: ARM v7 gcc linker'
arm-none-eabi-gcc -mcpu=cortex-a9 -mfpu=vfpv3 -mfloat-abi=hard -Wl,-build-id=none -specs=Xilinx.spec -Wl,-T -Wl,../src/lscript.ld -L../../VGA_demo_bsp/ps7_cortexa9_0/lib -o "VGA_demo.elf"  ./src/VGA.o ./src/helloworld.o ./src/platform.o   -Wl,--start-group,-lxil,-lgcc,-lc,--end-group
'Finished building target: VGA_demo.elf'
' '
'Invoking: ARM v7 Print Size'
arm-none-eabi-size VGA_demo.elf  |tee "VGA_demo.elf.size"
   text	   data	    bss	    dec	    hex	filename
  27780	   1180	 637048	 666008	  a2998	VGA_demo.elf
'Finished building: VGA_demo.elf.size'
' '
13:38:33 **** Auto Build of configuration Debug for project VGA_demo ****
make pre-build main-build 
a9-linaro-pre-build-step
' '
'Building file: ../src/VGA.c'
'Invoking: ARM v7 gcc compiler'
arm-none-eabi-gcc -Wall -O0 -g3 -c -fmessage-length=0 -MT"src/VGA.o" -mcpu=cortex-a9 -mfpu=vfpv3 -mfloat-abi=hard -I../../VGA_demo_bsp/ps7_cortexa9_0/include -MMD -MP -MF"src/VGA.d" -MT"src/VGA.o" -o "src/VGA.o" "../src/VGA.c"
'Finished building: ../src/VGA.c'
' '
'Building target: VGA_demo.elf'
'Invoking: ARM v7 gcc linker'
arm-none-eabi-gcc -mcpu=cortex-a9 -mfpu=vfpv3 -mfloat-abi=hard -Wl,-build-id=none -specs=Xilinx.spec -Wl,-T -Wl,../src/lscript.ld -L../../VGA_demo_bsp/ps7_cortexa9_0/lib -o "VGA_demo.elf"  ./src/VGA.o ./src/helloworld.o ./src/platform.o   -Wl,--start-group,-lxil,-lgcc,-lc,--end-group
'Finished building target: VGA_demo.elf'
' '
'Invoking: ARM v7 Print Size'
arm-none-eabi-size VGA_demo.elf  |tee "VGA_demo.elf.size"
   text	   data	    bss	    dec	    hex	filename
  27780	   1180	 637048	 666008	  a2998	VGA_demo.elf
'Finished building: VGA_demo.elf.size'
' '
13:38:40 **** Incremental Build of configuration Debug for project VGA_demo ****
make pre-build main-build 
a9-linaro-pre-build-step
' '
make: Nothing to be done for `main-build'.
13:39:48 **** Auto Build of configuration Debug for project VGA_demo ****
make pre-build main-build 
a9-linaro-pre-build-step
' '
'Building file: ../src/VGA.c'
'Invoking: ARM v7 gcc compiler'
arm-none-eabi-gcc -Wall -O0 -g3 -c -fmessage-length=0 -MT"src/VGA.o" -mcpu=cortex-a9 -mfpu=vfpv3 -mfloat-abi=hard -I../../VGA_demo_bsp/ps7_cortexa9_0/include -MMD -MP -MF"src/VGA.d" -MT"src/VGA.o" -o "src/VGA.o" "../src/VGA.c"
'Finished building: ../src/VGA.c'
' '
'Building target: VGA_demo.elf'
'Invoking: ARM v7 gcc linker'
arm-none-eabi-gcc -mcpu=cortex-a9 -mfpu=vfpv3 -mfloat-abi=hard -Wl,-build-id=none -specs=Xilinx.spec -Wl,-T -Wl,../src/lscript.ld -L../../VGA_demo_bsp/ps7_cortexa9_0/lib -o "VGA_demo.elf"  ./src/VGA.o ./src/helloworld.o ./src/platform.o   -Wl,--start-group,-lxil,-lgcc,-lc,--end-group
'Finished building target: VGA_demo.elf'
' '
'Invoking: ARM v7 Print Size'
arm-none-eabi-size VGA_demo.elf  |tee "VGA_demo.elf.size"
   text	   data	    bss	    dec	    hex	filename
  27780	   1180	 637048	 666008	  a2998	VGA_demo.elf
'Finished building: VGA_demo.elf.size'
' '
13:40:12 **** Auto Build of configuration Debug for project VGA_demo ****
make pre-build main-build 
a9-linaro-pre-build-step
' '
'Building file: ../src/VGA.c'
'Invoking: ARM v7 gcc compiler'
arm-none-eabi-gcc -Wall -O0 -g3 -c -fmessage-length=0 -MT"src/VGA.o" -mcpu=cortex-a9 -mfpu=vfpv3 -mfloat-abi=hard -I../../VGA_demo_bsp/ps7_cortexa9_0/include -MMD -MP -MF"src/VGA.d" -MT"src/VGA.o" -o "src/VGA.o" "../src/VGA.c"
'Finished building: ../src/VGA.c'
' '
'Building target: VGA_demo.elf'
'Invoking: ARM v7 gcc linker'
arm-none-eabi-gcc -mcpu=cortex-a9 -mfpu=vfpv3 -mfloat-abi=hard -Wl,-build-id=none -specs=Xilinx.spec -Wl,-T -Wl,../src/lscript.ld -L../../VGA_demo_bsp/ps7_cortexa9_0/lib -o "VGA_demo.elf"  ./src/VGA.o ./src/helloworld.o ./src/platform.o   -Wl,--start-group,-lxil,-lgcc,-lc,--end-group
'Finished building target: VGA_demo.elf'
' '
'Invoking: ARM v7 Print Size'
arm-none-eabi-size VGA_demo.elf  |tee "VGA_demo.elf.size"
   text	   data	    bss	    dec	    hex	filename
  27780	   1180	 637048	 666008	  a2998	VGA_demo.elf
'Finished building: VGA_demo.elf.size'
' '
13:41:18 **** Auto Build of configuration Debug for project VGA_demo ****
make pre-build main-build 
a9-linaro-pre-build-step
' '
'Building file: ../src/helloworld.c'
'Invoking: ARM v7 gcc compiler'
arm-none-eabi-gcc -Wall -O0 -g3 -c -fmessage-length=0 -MT"src/helloworld.o" -mcpu=cortex-a9 -mfpu=vfpv3 -mfloat-abi=hard -I../../VGA_demo_bsp/ps7_cortexa9_0/include -MMD -MP -MF"src/helloworld.d" -MT"src/helloworld.o" -o "src/helloworld.o" "../src/helloworld.c"
'Finished building: ../src/helloworld.c'
' '
'Building target: VGA_demo.elf'
'Invoking: ARM v7 gcc linker'
arm-none-eabi-gcc -mcpu=cortex-a9 -mfpu=vfpv3 -mfloat-abi=hard -Wl,-build-id=none -specs=Xilinx.spec -Wl,-T -Wl,../src/lscript.ld -L../../VGA_demo_bsp/ps7_cortexa9_0/lib -o "VGA_demo.elf"  ./src/VGA.o ./src/helloworld.o ./src/platform.o   -Wl,--start-group,-lxil,-lgcc,-lc,--end-group
'Finished building target: VGA_demo.elf'
' '
'Invoking: ARM v7 Print Size'
arm-none-eabi-size VGA_demo.elf  |tee "VGA_demo.elf.size"
   text	   data	    bss	    dec	    hex	filename
  27780	   1180	 637048	 666008	  a2998	VGA_demo.elf
'Finished building: VGA_demo.elf.size'
' '
13:41:42 **** Auto Build of configuration Debug for project VGA_demo ****
make pre-build main-build 
a9-linaro-pre-build-step
' '
'Building file: ../src/helloworld.c'
'Invoking: ARM v7 gcc compiler'
arm-none-eabi-gcc -Wall -O0 -g3 -c -fmessage-length=0 -MT"src/helloworld.o" -mcpu=cortex-a9 -mfpu=vfpv3 -mfloat-abi=hard -I../../VGA_demo_bsp/ps7_cortexa9_0/include -MMD -MP -MF"src/helloworld.d" -MT"src/helloworld.o" -o "src/helloworld.o" "../src/helloworld.c"
'Finished building: ../src/helloworld.c'
' '
'Building target: VGA_demo.elf'
'Invoking: ARM v7 gcc linker'
arm-none-eabi-gcc -mcpu=cortex-a9 -mfpu=vfpv3 -mfloat-abi=hard -Wl,-build-id=none -specs=Xilinx.spec -Wl,-T -Wl,../src/lscript.ld -L../../VGA_demo_bsp/ps7_cortexa9_0/lib -o "VGA_demo.elf"  ./src/VGA.o ./src/helloworld.o ./src/platform.o   -Wl,--start-group,-lxil,-lgcc,-lc,--end-group
'Finished building target: VGA_demo.elf'
' '
'Invoking: ARM v7 Print Size'
arm-none-eabi-size VGA_demo.elf  |tee "VGA_demo.elf.size"
   text	   data	    bss	    dec	    hex	filename
  27780	   1180	 637048	 666008	  a2998	VGA_demo.elf
'Finished building: VGA_demo.elf.size'
' '
13:42:54 **** Auto Build of configuration Debug for project VGA_demo ****
make pre-build main-build 
a9-linaro-pre-build-step
' '
'Building file: ../src/helloworld.c'
'Invoking: ARM v7 gcc compiler'
arm-none-eabi-gcc -Wall -O0 -g3 -c -fmessage-length=0 -MT"src/helloworld.o" -mcpu=cortex-a9 -mfpu=vfpv3 -mfloat-abi=hard -I../../VGA_demo_bsp/ps7_cortexa9_0/include -MMD -MP -MF"src/helloworld.d" -MT"src/helloworld.o" -o "src/helloworld.o" "../src/helloworld.c"
'Finished building: ../src/helloworld.c'
' '
'Building target: VGA_demo.elf'
'Invoking: ARM v7 gcc linker'
arm-none-eabi-gcc -mcpu=cortex-a9 -mfpu=vfpv3 -mfloat-abi=hard -Wl,-build-id=none -specs=Xilinx.spec -Wl,-T -Wl,../src/lscript.ld -L../../VGA_demo_bsp/ps7_cortexa9_0/lib -o "VGA_demo.elf"  ./src/VGA.o ./src/helloworld.o ./src/platform.o   -Wl,--start-group,-lxil,-lgcc,-lc,--end-group
'Finished building target: VGA_demo.elf'
' '
'Invoking: ARM v7 Print Size'
arm-none-eabi-size VGA_demo.elf  |tee "VGA_demo.elf.size"
   text	   data	    bss	    dec	    hex	filename
  27780	   1180	 637048	 666008	  a2998	VGA_demo.elf
'Finished building: VGA_demo.elf.size'
' '
13:43:00 **** Incremental Build of configuration Debug for project VGA_demo ****
make pre-build main-build 
a9-linaro-pre-build-step
' '
make: Nothing to be done for `main-build'.
14:16:06 **** Auto Build of configuration Debug for project VGA_demo ****
make pre-build main-build 
a9-linaro-pre-build-step
' '
'Building file: ../src/helloworld.c'
'Invoking: ARM v7 gcc compiler'
arm-none-eabi-gcc -Wall -O0 -g3 -c -fmessage-length=0 -MT"src/helloworld.o" -mcpu=cortex-a9 -mfpu=vfpv3 -mfloat-abi=hard -I../../VGA_demo_bsp/ps7_cortexa9_0/include -MMD -MP -MF"src/helloworld.d" -MT"src/helloworld.o" -o "src/helloworld.o" "../src/helloworld.c"
'Finished building: ../src/helloworld.c'
' '
'Building target: VGA_demo.elf'
'Invoking: ARM v7 gcc linker'
arm-none-eabi-gcc -mcpu=cortex-a9 -mfpu=vfpv3 -mfloat-abi=hard -Wl,-build-id=none -specs=Xilinx.spec -Wl,-T -Wl,../src/lscript.ld -L../../VGA_demo_bsp/ps7_cortexa9_0/lib -o "VGA_demo.elf"  ./src/VGA.o ./src/helloworld.o ./src/platform.o   -Wl,--start-group,-lxil,-lgcc,-lc,--end-group
'Finished building target: VGA_demo.elf'
' '
'Invoking: ARM v7 Print Size'
arm-none-eabi-size VGA_demo.elf  |tee "VGA_demo.elf.size"
   text	   data	    bss	    dec	    hex	filename
  27780	   1180	 637048	 666008	  a2998	VGA_demo.elf
'Finished building: VGA_demo.elf.size'
' '
14:17:49 **** Auto Build of configuration Debug for project VGA_demo ****
make pre-build main-build 
a9-linaro-pre-build-step
' '
'Building file: ../src/helloworld.c'
'Invoking: ARM v7 gcc compiler'
arm-none-eabi-gcc -Wall -O0 -g3 -c -fmessage-length=0 -MT"src/helloworld.o" -mcpu=cortex-a9 -mfpu=vfpv3 -mfloat-abi=hard -I../../VGA_demo_bsp/ps7_cortexa9_0/include -MMD -MP -MF"src/helloworld.d" -MT"src/helloworld.o" -o "src/helloworld.o" "../src/helloworld.c"
'Finished building: ../src/helloworld.c'
' '
'Building target: VGA_demo.elf'
'Invoking: ARM v7 gcc linker'
arm-none-eabi-gcc -mcpu=cortex-a9 -mfpu=vfpv3 -mfloat-abi=hard -Wl,-build-id=none -specs=Xilinx.spec -Wl,-T -Wl,../src/lscript.ld -L../../VGA_demo_bsp/ps7_cortexa9_0/lib -o "VGA_demo.elf"  ./src/VGA.o ./src/helloworld.o ./src/platform.o   -Wl,--start-group,-lxil,-lgcc,-lc,--end-group
'Finished building target: VGA_demo.elf'
' '
'Invoking: ARM v7 Print Size'
arm-none-eabi-size VGA_demo.elf  |tee "VGA_demo.elf.size"
   text	   data	    bss	    dec	    hex	filename
  27780	   1180	 637048	 666008	  a2998	VGA_demo.elf
'Finished building: VGA_demo.elf.size'
' '
14:21:37 **** Auto Build of configuration Debug for project VGA_demo ****
make pre-build main-build 
a9-linaro-pre-build-step
' '
'Building file: ../src/helloworld.c'
'Invoking: ARM v7 gcc compiler'
arm-none-eabi-gcc -Wall -O0 -g3 -c -fmessage-length=0 -MT"src/helloworld.o" -mcpu=cortex-a9 -mfpu=vfpv3 -mfloat-abi=hard -I../../VGA_demo_bsp/ps7_cortexa9_0/include -MMD -MP -MF"src/helloworld.d" -MT"src/helloworld.o" -o "src/helloworld.o" "../src/helloworld.c"
'Finished building: ../src/helloworld.c'
' '
'Building target: VGA_demo.elf'
'Invoking: ARM v7 gcc linker'
arm-none-eabi-gcc -mcpu=cortex-a9 -mfpu=vfpv3 -mfloat-abi=hard -Wl,-build-id=none -specs=Xilinx.spec -Wl,-T -Wl,../src/lscript.ld -L../../VGA_demo_bsp/ps7_cortexa9_0/lib -o "VGA_demo.elf"  ./src/VGA.o ./src/helloworld.o ./src/platform.o   -Wl,--start-group,-lxil,-lgcc,-lc,--end-group
'Finished building target: VGA_demo.elf'
' '
'Invoking: ARM v7 Print Size'
arm-none-eabi-size VGA_demo.elf  |tee "VGA_demo.elf.size"
   text	   data	    bss	    dec	    hex	filename
  27780	   1180	 637048	 666008	  a2998	VGA_demo.elf
'Finished building: VGA_demo.elf.size'
' '
14:22:40 **** Incremental Build of configuration Debug for project VGA_demo ****
make pre-build main-build 
a9-linaro-pre-build-step
' '
make: Nothing to be done for `main-build'.
14:25:16 **** Auto Build of configuration Debug for project VGA_demo ****
make pre-build main-build 
a9-linaro-pre-build-step
' '
'Building file: ../src/VGA.c'
'Invoking: ARM v7 gcc compiler'
arm-none-eabi-gcc -Wall -O0 -g3 -c -fmessage-length=0 -MT"src/VGA.o" -mcpu=cortex-a9 -mfpu=vfpv3 -mfloat-abi=hard -I../../VGA_demo_bsp/ps7_cortexa9_0/include -MMD -MP -MF"src/VGA.d" -MT"src/VGA.o" -o "src/VGA.o" "../src/VGA.c"
'Finished building: ../src/VGA.c'
' '
'Building target: VGA_demo.elf'
'Invoking: ARM v7 gcc linker'
arm-none-eabi-gcc -mcpu=cortex-a9 -mfpu=vfpv3 -mfloat-abi=hard -Wl,-build-id=none -specs=Xilinx.spec -Wl,-T -Wl,../src/lscript.ld -L../../VGA_demo_bsp/ps7_cortexa9_0/lib -o "VGA_demo.elf"  ./src/VGA.o ./src/helloworld.o ./src/platform.o   -Wl,--start-group,-lxil,-lgcc,-lc,--end-group
'Finished building target: VGA_demo.elf'
' '
'Invoking: ARM v7 Print Size'
arm-none-eabi-size VGA_demo.elf  |tee "VGA_demo.elf.size"
   text	   data	    bss	    dec	    hex	filename
  27780	   1180	 637048	 666008	  a2998	VGA_demo.elf
'Finished building: VGA_demo.elf.size'
' '
14:25:22 **** Incremental Build of configuration Debug for project VGA_demo ****
make pre-build main-build 
a9-linaro-pre-build-step
' '
make: Nothing to be done for `main-build'.
